2020-04-13 21:31:10  INFO SpringBootTestContextBootstrapper.buildDefaultMergedContextConfiguration(308) | Neither @ContextConfiguration nor @ContextHierarchy found for test class [com.example.demo.DemoApplicationTests], using SpringBootContextLoader
2020-04-13 21:31:10  INFO AbstractContextLoader.generateDefaultLocations(264) | Could not detect default resource locations for test class [com.example.demo.DemoApplicationTests]: no resource found for suffixes {-context.xml, Context.groovy}.
2020-04-13 21:31:10  INFO AnnotationConfigContextLoaderUtils.detectDefaultConfigurationClasses(83) | Could not detect default configuration classes for test class [com.example.demo.DemoApplicationTests]: DemoApplicationTests does not declare any static, non-private, non-final, nested classes annotated with @Configuration.
2020-04-13 21:31:10  INFO SpringBootTestContextBootstrapper.getOrFindConfigurationClasses(247) | Found @SpringBootConfiguration com.example.demo.DemoApplication for test class com.example.demo.DemoApplicationTests
2020-04-13 21:31:10  INFO SpringBootTestContextBootstrapper.getDefaultTestExecutionListenerClassNames(248) | Loaded default TestExecutionListener class names from location [META-INF/spring.factories]: [org.springframework.boot.test.mock.mockito.MockitoTestExecutionListener, org.springframework.boot.test.mock.mockito.ResetMocksTestExecutionListener, org.springframework.boot.test.autoconfigure.restdocs.RestDocsTestExecutionListener, org.springframework.boot.test.autoconfigure.web.client.MockRestServiceServerResetTestExecutionListener, org.springframework.boot.test.autoconfigure.web.servlet.MockMvcPrintOnlyOnFailureTestExecutionListener, org.springframework.boot.test.autoconfigure.web.servlet.WebDriverTestExecutionListener, org.springframework.test.context.web.ServletTestExecutionListener, org.springframework.test.context.support.DirtiesContextBeforeModesTestExecutionListener, org.springframework.test.context.support.DependencyInjectionTestExecutionListener, org.springframework.test.context.support.DirtiesContextTestExecutionListener, org.springframework.test.context.transaction.TransactionalTestExecutionListener, org.springframework.test.context.jdbc.SqlScriptsTestExecutionListener]
2020-04-13 21:31:11  INFO SpringBootTestContextBootstrapper.getTestExecutionListeners(177) | Using TestExecutionListeners: [org.springframework.test.context.web.ServletTestExecutionListener@74235045, org.springframework.test.context.support.DirtiesContextBeforeModesTestExecutionListener@618b19ad, org.springframework.boot.test.mock.mockito.MockitoTestExecutionListener@2d3379b4, org.springframework.boot.test.autoconfigure.SpringBootDependencyInjectionTestExecutionListener@30c15d8b, org.springframework.test.context.support.DirtiesContextTestExecutionListener@5e0e82ae, org.springframework.test.context.transaction.TransactionalTestExecutionListener@6771beb3, org.springframework.test.context.jdbc.SqlScriptsTestExecutionListener@51399530, org.springframework.boot.test.mock.mockito.ResetMocksTestExecutionListener@6b2ea799, org.springframework.boot.test.autoconfigure.restdocs.RestDocsTestExecutionListener@411f53a0, org.springframework.boot.test.autoconfigure.web.client.MockRestServiceServerResetTestExecutionListener@2b71e916, org.springframework.boot.test.autoconfigure.web.servlet.MockMvcPrintOnlyOnFailureTestExecutionListener@36fc695d, org.springframework.boot.test.autoconfigure.web.servlet.WebDriverTestExecutionListener@28701274]
2020-04-13 21:31:11  INFO Version.<clinit>(21) | HV000001: Hibernate Validator 6.0.11.Final
2020-04-13 21:31:11  INFO DemoApplicationTests.logStarting(50) | Starting DemoApplicationTests on DESKTOP-6967O44 with PID 4092 (started by Her in D:\learnPeoject\SpringBootJwt-master)
2020-04-13 21:31:11  INFO DemoApplicationTests.logStartupProfileInfo(666) | The following profiles are active: dev
2020-04-13 21:31:11  INFO GenericWebApplicationContext.prepareRefresh(590) | Refreshing org.springframework.web.context.support.GenericWebApplicationContext@30f842ca: startup date [Mon Apr 13 21:31:11 CST 2020]; root of context hierarchy
2020-04-13 21:31:12  INFO PostProcessorRegistrationDelegate$BeanPostProcessorChecker.postProcessAfterInitialization(326) | Bean 'org.springframework.hateoas.config.HateoasConfiguration' of type [org.springframework.hateoas.config.HateoasConfiguration$$EnhancerBySpringCGLIB$$343ebba7] is not eligible for getting processed by all BeanPostProcessors (for example: not eligible for auto-proxying)
2020-04-13 21:31:13  INFO PostProcessorRegistrationDelegate$BeanPostProcessorChecker.postProcessAfterInitialization(326) | Bean 'org.springframework.transaction.annotation.ProxyTransactionManagementConfiguration' of type [org.springframework.transaction.annotation.ProxyTransactionManagementConfiguration$$EnhancerBySpringCGLIB$$b4be6e75] is not eligible for getting processed by all BeanPostProcessors (for example: not eligible for auto-proxying)
2020-04-13 21:31:13  INFO ThreadPoolTaskScheduler.initialize(171) | Initializing ExecutorService  'threadPoolTaskScheduler'
2020-04-13 21:31:14  INFO SimpleUrlHandlerMapping.registerHandler(373) | Mapped URL path [/**/favicon.ico] onto handler of type [class org.springframework.web.servlet.resource.ResourceHttpRequestHandler]
2020-04-13 21:31:14  INFO RequestMappingHandlerAdapter.initControllerAdviceCache(574) | Looking for @ControllerAdvice: org.springframework.web.context.support.GenericWebApplicationContext@30f842ca: startup date [Mon Apr 13 21:31:11 CST 2020]; root of context hierarchy
2020-04-13 21:31:14  INFO RequestMappingHandlerMapping.register(547) | Mapped "{[/login],methods=[POST]}" onto public com.example.demo.uitl.BaseResponse<com.alibaba.fastjson.JSONObject> com.example.demo.contronller.AdminUserController.adminLogin(com.example.demo.dao.pojo.User,javax.servlet.http.HttpServletResponse)
2020-04-13 21:31:14  INFO RequestMappingHandlerMapping.register(547) | Mapped "{[/users],methods=[GET]}" onto public com.example.demo.uitl.Result com.example.demo.contronller.AdminUserController.userList()
2020-04-13 21:31:14  INFO RequestMappingHandlerMapping.register(547) | Mapped "{[/recordtest],methods=[GET]}" onto public com.example.demo.uitl.Result com.example.demo.contronller.EmailController.userList()
2020-04-13 21:31:14  INFO RequestMappingHandlerMapping.register(547) | Mapped "{[/sendEmail],methods=[GET]}" onto public java.lang.String com.example.demo.contronller.EmailController.startCron()
2020-04-13 21:31:14  INFO RequestMappingHandlerMapping.register(547) | Mapped "{[/getRecordReports],methods=[GET]}" onto public com.example.demo.uitl.BaseResponse<java.util.List<com.example.demo.dao.pojo.Record>> com.example.demo.contronller.RecordController.getRecordReports(java.lang.String)
2020-04-13 21:31:14  INFO RequestMappingHandlerMapping.register(547) | Mapped "{[/updateRecord],methods=[POST]}" onto public com.example.demo.uitl.BaseResponse<java.lang.String> com.example.demo.contronller.RecordController.updateRecord(com.example.demo.dao.pojo.Record)
2020-04-13 21:31:14  INFO RequestMappingHandlerMapping.register(547) | Mapped "{[/delRecord],methods=[POST]}" onto public com.example.demo.uitl.BaseResponse<java.lang.String> com.example.demo.contronller.RecordController.delRecord(com.example.demo.dao.pojo.Record)
2020-04-13 21:31:14  INFO RequestMappingHandlerMapping.register(547) | Mapped "{[/getRecordRecord],methods=[GET]}" onto public com.example.demo.uitl.BaseResponse<com.github.pagehelper.PageInfo<com.example.demo.dao.pojo.Record>> com.example.demo.contronller.RecordController.getRecordDatas(java.lang.Integer,java.lang.Integer)
2020-04-13 21:31:14  INFO RequestMappingHandlerMapping.register(547) | Mapped "{[/createRecord],methods=[POST]}" onto public com.example.demo.uitl.BaseResponse<java.lang.String> com.example.demo.contronller.RecordController.registered(com.example.demo.dao.pojo.Record)
2020-04-13 21:31:14  INFO RequestMappingHandlerMapping.register(547) | Mapped "{[/getRecordInfo],methods=[GET]}" onto public com.example.demo.uitl.BaseResponse<com.example.demo.dao.pojo.Record> com.example.demo.contronller.RecordController.getRecordInfo(java.lang.String)
2020-04-13 21:31:14  INFO RequestMappingHandlerMapping.register(547) | Mapped "{[/stopCron],methods=[GET]}" onto public java.lang.String com.example.demo.contronller.ScheduledController.stopCron(java.lang.Integer)
2020-04-13 21:31:14  INFO RequestMappingHandlerMapping.register(547) | Mapped "{[/startCron],methods=[POST]}" onto public java.lang.String com.example.demo.contronller.ScheduledController.startCron()
2020-04-13 21:31:14  INFO RequestMappingHandlerMapping.register(547) | Mapped "{[/changeCron10]}" onto public java.lang.String com.example.demo.contronller.ScheduledController.startCron10()
2020-04-13 21:31:14  INFO RequestMappingHandlerMapping.register(547) | Mapped "{[/sendEmail],methods=[POST]}" onto public java.lang.String com.example.demo.contronller.UserInfoController.startCron(com.example.demo.request.EmailInfo)
2020-04-13 21:31:14  INFO RequestMappingHandlerMapping.register(547) | Mapped "{[/registered],methods=[POST]}" onto public com.example.demo.uitl.BaseResponse<java.lang.String> com.example.demo.contronller.UserInfoController.registered(com.example.demo.dao.pojo.User)
2020-04-13 21:31:14  INFO RequestMappingHandlerMapping.register(547) | Mapped "{[/error]}" onto public org.springframework.http.ResponseEntity<java.util.Map<java.lang.String, java.lang.Object>> org.springframework.boot.autoconfigure.web.servlet.error.BasicErrorController.error(javax.servlet.http.HttpServletRequest)
2020-04-13 21:31:14  INFO RequestMappingHandlerMapping.register(547) | Mapped "{[/error],produces=[text/html]}" onto public org.springframework.web.servlet.ModelAndView org.springframework.boot.autoconfigure.web.servlet.error.BasicErrorController.errorHtml(javax.servlet.http.HttpServletRequest,javax.servlet.http.HttpServletResponse)
2020-04-13 21:31:14  INFO SimpleUrlHandlerMapping.registerHandler(373) | Mapped URL path [/webjars/**] onto handler of type [class org.springframework.web.servlet.resource.ResourceHttpRequestHandler]
2020-04-13 21:31:14  INFO SimpleUrlHandlerMapping.registerHandler(373) | Mapped URL path [/**] onto handler of type [class org.springframework.web.servlet.resource.ResourceHttpRequestHandler]
2020-04-13 21:31:14  INFO ExceptionHandlerExceptionResolver.initExceptionHandlerAdviceCache(288) | Detected @ExceptionHandler methods in repositoryRestExceptionHandler
2020-04-13 21:31:15  INFO RepositoryRestHandlerAdapter.initControllerAdviceCache(574) | Looking for @ControllerAdvice: org.springframework.web.context.support.GenericWebApplicationContext@30f842ca: startup date [Mon Apr 13 21:31:11 CST 2020]; root of context hierarchy
2020-04-13 21:31:15  INFO RepositoryRestHandlerMapping.register(547) | Mapped "{[/{repository}/{id}/{property}],methods=[DELETE],produces=[application/hal+json || application/json]}" onto public org.springframework.http.ResponseEntity<? extends org.springframework.hateoas.ResourceSupport> org.springframework.data.rest.webmvc.RepositoryPropertyReferenceController.deletePropertyReference(org.springframework.data.rest.webmvc.RootResourceInformation,java.io.Serializable,java.lang.String) throws java.lang.Exception
2020-04-13 21:31:15  INFO RepositoryRestHandlerMapping.register(547) | Mapped "{[/{repository}/{id}/{property}],methods=[GET],produces=[application/x-spring-data-compact+json || text/uri-list]}" onto public org.springframework.http.ResponseEntity<org.springframework.hateoas.ResourceSupport> org.springframework.data.rest.webmvc.RepositoryPropertyReferenceController.followPropertyReferenceCompact(org.springframework.data.rest.webmvc.RootResourceInformation,java.io.Serializable,java.lang.String,org.springframework.data.rest.webmvc.PersistentEntityResourceAssembler) throws java.lang.Exception
2020-04-13 21:31:15  INFO RepositoryRestHandlerMapping.register(547) | Mapped "{[/{repository}/{id}/{property}/{propertyId}],methods=[DELETE],produces=[application/hal+json || application/json]}" onto public org.springframework.http.ResponseEntity<org.springframework.hateoas.ResourceSupport> org.springframework.data.rest.webmvc.RepositoryPropertyReferenceController.deletePropertyReferenceId(org.springframework.data.rest.webmvc.RootResourceInformation,java.io.Serializable,java.lang.String,java.lang.String) throws java.lang.Exception
2020-04-13 21:31:15  INFO RepositoryRestHandlerMapping.register(547) | Mapped "{[/{repository}/{id}/{property}/{propertyId}],methods=[GET],produces=[application/hal+json || application/json]}" onto public org.springframework.http.ResponseEntity<org.springframework.hateoas.ResourceSupport> org.springframework.data.rest.webmvc.RepositoryPropertyReferenceController.followPropertyReference(org.springframework.data.rest.webmvc.RootResourceInformation,java.io.Serializable,java.lang.String,java.lang.String,org.springframework.data.rest.webmvc.PersistentEntityResourceAssembler) throws java.lang.Exception
2020-04-13 21:31:15  INFO RepositoryRestHandlerMapping.register(547) | Mapped "{[/{repository}/{id}/{property}],methods=[GET],produces=[application/hal+json || application/json]}" onto public org.springframework.http.ResponseEntity<org.springframework.hateoas.ResourceSupport> org.springframework.data.rest.webmvc.RepositoryPropertyReferenceController.followPropertyReference(org.springframework.data.rest.webmvc.RootResourceInformation,java.io.Serializable,java.lang.String,org.springframework.data.rest.webmvc.PersistentEntityResourceAssembler) throws java.lang.Exception
2020-04-13 21:31:15  INFO RepositoryRestHandlerMapping.register(547) | Mapped "{[/{repository}/{id}/{property}],methods=[PATCH || PUT || POST],consumes=[application/json || application/x-spring-data-compact+json || text/uri-list],produces=[application/hal+json || application/json]}" onto public org.springframework.http.ResponseEntity<? extends org.springframework.hateoas.ResourceSupport> org.springframework.data.rest.webmvc.RepositoryPropertyReferenceController.createPropertyReference(org.springframework.data.rest.webmvc.RootResourceInformation,org.springframework.http.HttpMethod,org.springframework.hateoas.Resources<java.lang.Object>,java.io.Serializable,java.lang.String) throws java.lang.Exception
2020-04-13 21:31:15  INFO RepositoryRestHandlerMapping.register(547) | Mapped "{[/ || ],methods=[OPTIONS],produces=[application/hal+json || application/json]}" onto public org.springframework.http.HttpEntity<?> org.springframework.data.rest.webmvc.RepositoryController.optionsForRepositories()
2020-04-13 21:31:15  INFO RepositoryRestHandlerMapping.register(547) | Mapped "{[/ || ],methods=[HEAD],produces=[application/hal+json || application/json]}" onto public org.springframework.http.ResponseEntity<?> org.springframework.data.rest.webmvc.RepositoryController.headForRepositories()
2020-04-13 21:31:15  INFO RepositoryRestHandlerMapping.register(547) | Mapped "{[/ || ],methods=[GET],produces=[application/hal+json || application/json]}" onto public org.springframework.http.HttpEntity<org.springframework.data.rest.webmvc.RepositoryLinksResource> org.springframework.data.rest.webmvc.RepositoryController.listRepositories()
2020-04-13 21:31:15  INFO RepositoryRestHandlerMapping.register(547) | Mapped "{[/{repository}/search],methods=[OPTIONS],produces=[application/hal+json || application/json]}" onto public org.springframework.http.HttpEntity<?> org.springframework.data.rest.webmvc.RepositorySearchController.optionsForSearches(org.springframework.data.rest.webmvc.RootResourceInformation)
2020-04-13 21:31:15  INFO RepositoryRestHandlerMapping.register(547) | Mapped "{[/{repository}/search/{search}],methods=[GET],produces=[application/x-spring-data-compact+json]}" onto public org.springframework.hateoas.ResourceSupport org.springframework.data.rest.webmvc.RepositorySearchController.executeSearchCompact(org.springframework.data.rest.webmvc.RootResourceInformation,org.springframework.http.HttpHeaders,org.springframework.util.MultiValueMap<java.lang.String, java.lang.Object>,java.lang.String,java.lang.String,org.springframework.data.rest.webmvc.support.DefaultedPageable,org.springframework.data.domain.Sort,org.springframework.data.rest.webmvc.PersistentEntityResourceAssembler)
2020-04-13 21:31:15  INFO RepositoryRestHandlerMapping.register(547) | Mapped "{[/{repository}/search/{search}],methods=[OPTIONS],produces=[application/hal+json || application/json]}" onto public org.springframework.http.ResponseEntity<java.lang.Object> org.springframework.data.rest.webmvc.RepositorySearchController.optionsForSearch(org.springframework.data.rest.webmvc.RootResourceInformation,java.lang.String)
2020-04-13 21:31:15  INFO RepositoryRestHandlerMapping.register(547) | Mapped "{[/{repository}/search/{search}],methods=[GET],produces=[application/hal+json || application/json]}" onto public org.springframework.http.ResponseEntity<?> org.springframework.data.rest.webmvc.RepositorySearchController.executeSearch(org.springframework.data.rest.webmvc.RootResourceInformation,org.springframework.util.MultiValueMap<java.lang.String, java.lang.Object>,java.lang.String,org.springframework.data.rest.webmvc.support.DefaultedPageable,org.springframework.data.domain.Sort,org.springframework.data.rest.webmvc.PersistentEntityResourceAssembler,org.springframework.http.HttpHeaders)
2020-04-13 21:31:15  INFO RepositoryRestHandlerMapping.register(547) | Mapped "{[/{repository}/search],methods=[GET],produces=[application/hal+json || application/json]}" onto public org.springframework.data.rest.webmvc.RepositorySearchesResource org.springframework.data.rest.webmvc.RepositorySearchController.listSearches(org.springframework.data.rest.webmvc.RootResourceInformation)
2020-04-13 21:31:15  INFO RepositoryRestHandlerMapping.register(547) | Mapped "{[/{repository}/search],methods=[HEAD],produces=[application/hal+json || application/json]}" onto public org.springframework.http.HttpEntity<?> org.springframework.data.rest.webmvc.RepositorySearchController.headForSearches(org.springframework.data.rest.webmvc.RootResourceInformation)
2020-04-13 21:31:15  INFO RepositoryRestHandlerMapping.register(547) | Mapped "{[/{repository}/search/{search}],methods=[HEAD],produces=[application/hal+json || application/json]}" onto public org.springframework.http.ResponseEntity<java.lang.Object> org.springframework.data.rest.webmvc.RepositorySearchController.headForSearch(org.springframework.data.rest.webmvc.RootResourceInformation,java.lang.String)
2020-04-13 21:31:15  INFO RepositoryRestHandlerMapping.register(547) | Mapped "{[/{repository}],methods=[OPTIONS],produces=[application/hal+json || application/json]}" onto public org.springframework.http.ResponseEntity<?> org.springframework.data.rest.webmvc.RepositoryEntityController.optionsForCollectionResource(org.springframework.data.rest.webmvc.RootResourceInformation)
2020-04-13 21:31:15  INFO RepositoryRestHandlerMapping.register(547) | Mapped "{[/{repository}],methods=[HEAD],produces=[application/hal+json || application/json]}" onto public org.springframework.http.ResponseEntity<?> org.springframework.data.rest.webmvc.RepositoryEntityController.headCollectionResource(org.springframework.data.rest.webmvc.RootResourceInformation,org.springframework.data.rest.webmvc.support.DefaultedPageable) throws org.springframework.web.HttpRequestMethodNotSupportedException
2020-04-13 21:31:15  INFO RepositoryRestHandlerMapping.register(547) | Mapped "{[/{repository}],methods=[GET],produces=[application/x-spring-data-compact+json || text/uri-list]}" onto public org.springframework.hateoas.Resources<?> org.springframework.data.rest.webmvc.RepositoryEntityController.getCollectionResourceCompact(org.springframework.data.rest.webmvc.RootResourceInformation,org.springframework.data.rest.webmvc.support.DefaultedPageable,org.springframework.data.domain.Sort,org.springframework.data.rest.webmvc.PersistentEntityResourceAssembler) throws org.springframework.data.rest.webmvc.ResourceNotFoundException,org.springframework.web.HttpRequestMethodNotSupportedException
2020-04-13 21:31:15  INFO RepositoryRestHandlerMapping.register(547) | Mapped "{[/{repository}/{id}],methods=[OPTIONS],produces=[application/hal+json || application/json]}" onto public org.springframework.http.ResponseEntity<?> org.springframework.data.rest.webmvc.RepositoryEntityController.optionsForItemResource(org.springframework.data.rest.webmvc.RootResourceInformation)
2020-04-13 21:31:15  INFO RepositoryRestHandlerMapping.register(547) | Mapped "{[/{repository}/{id}],methods=[HEAD],produces=[application/hal+json || application/json]}" onto public org.springframework.http.ResponseEntity<?> org.springframework.data.rest.webmvc.RepositoryEntityController.headForItemResource(org.springframework.data.rest.webmvc.RootResourceInformation,java.io.Serializable,org.springframework.data.rest.webmvc.PersistentEntityResourceAssembler) throws org.springframework.web.HttpRequestMethodNotSupportedException
2020-04-13 21:31:15  INFO RepositoryRestHandlerMapping.register(547) | Mapped "{[/{repository}/{id}],methods=[PATCH],produces=[application/hal+json || application/json]}" onto public org.springframework.http.ResponseEntity<org.springframework.hateoas.ResourceSupport> org.springframework.data.rest.webmvc.RepositoryEntityController.patchItemResource(org.springframework.data.rest.webmvc.RootResourceInformation,org.springframework.data.rest.webmvc.PersistentEntityResource,java.io.Serializable,org.springframework.data.rest.webmvc.PersistentEntityResourceAssembler,org.springframework.data.rest.webmvc.support.ETag,java.lang.String) throws org.springframework.web.HttpRequestMethodNotSupportedException,org.springframework.data.rest.webmvc.ResourceNotFoundException
2020-04-13 21:31:15  INFO RepositoryRestHandlerMapping.register(547) | Mapped "{[/{repository}],methods=[POST],produces=[application/hal+json || application/json]}" onto public org.springframework.http.ResponseEntity<org.springframework.hateoas.ResourceSupport> org.springframework.data.rest.webmvc.RepositoryEntityController.postCollectionResource(org.springframework.data.rest.webmvc.RootResourceInformation,org.springframework.data.rest.webmvc.PersistentEntityResource,org.springframework.data.rest.webmvc.PersistentEntityResourceAssembler,java.lang.String) throws org.springframework.web.HttpRequestMethodNotSupportedException
2020-04-13 21:31:15  INFO RepositoryRestHandlerMapping.register(547) | Mapped "{[/{repository}],methods=[GET],produces=[application/hal+json || application/json]}" onto public org.springframework.hateoas.Resources<?> org.springframework.data.rest.webmvc.RepositoryEntityController.getCollectionResource(org.springframework.data.rest.webmvc.RootResourceInformation,org.springframework.data.rest.webmvc.support.DefaultedPageable,org.springframework.data.domain.Sort,org.springframework.data.rest.webmvc.PersistentEntityResourceAssembler) throws org.springframework.data.rest.webmvc.ResourceNotFoundException,org.springframework.web.HttpRequestMethodNotSupportedException
2020-04-13 21:31:15  INFO RepositoryRestHandlerMapping.register(547) | Mapped "{[/{repository}/{id}],methods=[DELETE],produces=[application/hal+json || application/json]}" onto public org.springframework.http.ResponseEntity<?> org.springframework.data.rest.webmvc.RepositoryEntityController.deleteItemResource(org.springframework.data.rest.webmvc.RootResourceInformation,java.io.Serializable,org.springframework.data.rest.webmvc.support.ETag) throws org.springframework.data.rest.webmvc.ResourceNotFoundException,org.springframework.web.HttpRequestMethodNotSupportedException
2020-04-13 21:31:15  INFO RepositoryRestHandlerMapping.register(547) | Mapped "{[/{repository}/{id}],methods=[PUT],produces=[application/hal+json || application/json]}" onto public org.springframework.http.ResponseEntity<? extends org.springframework.hateoas.ResourceSupport> org.springframework.data.rest.webmvc.RepositoryEntityController.putItemResource(org.springframework.data.rest.webmvc.RootResourceInformation,org.springframework.data.rest.webmvc.PersistentEntityResource,java.io.Serializable,org.springframework.data.rest.webmvc.PersistentEntityResourceAssembler,org.springframework.data.rest.webmvc.support.ETag,java.lang.String) throws org.springframework.web.HttpRequestMethodNotSupportedException
2020-04-13 21:31:15  INFO RepositoryRestHandlerMapping.register(547) | Mapped "{[/{repository}/{id}],methods=[GET],produces=[application/hal+json || application/json]}" onto public org.springframework.http.ResponseEntity<org.springframework.hateoas.Resource<?>> org.springframework.data.rest.webmvc.RepositoryEntityController.getItemResource(org.springframework.data.rest.webmvc.RootResourceInformation,java.io.Serializable,org.springframework.data.rest.webmvc.PersistentEntityResourceAssembler,org.springframework.http.HttpHeaders) throws org.springframework.web.HttpRequestMethodNotSupportedException
2020-04-13 21:31:15  INFO BasePathAwareHandlerMapping.register(547) | Mapped "{[/profile/{repository}],methods=[GET],produces=[application/alps+json || */*]}" onto org.springframework.http.HttpEntity<org.springframework.data.rest.webmvc.RootResourceInformation> org.springframework.data.rest.webmvc.alps.AlpsController.descriptor(org.springframework.data.rest.webmvc.RootResourceInformation)
2020-04-13 21:31:15  INFO BasePathAwareHandlerMapping.register(547) | Mapped "{[/profile/{repository}],methods=[OPTIONS],produces=[application/alps+json]}" onto org.springframework.http.HttpEntity<?> org.springframework.data.rest.webmvc.alps.AlpsController.alpsOptions()
2020-04-13 21:31:15  INFO BasePathAwareHandlerMapping.register(547) | Mapped "{[/profile],methods=[GET]}" onto org.springframework.http.HttpEntity<org.springframework.hateoas.ResourceSupport> org.springframework.data.rest.webmvc.ProfileController.listAllFormsOfMetadata()
2020-04-13 21:31:15  INFO BasePathAwareHandlerMapping.register(547) | Mapped "{[/profile],methods=[OPTIONS]}" onto public org.springframework.http.HttpEntity<?> org.springframework.data.rest.webmvc.ProfileController.profileOptions()
2020-04-13 21:31:15  INFO BasePathAwareHandlerMapping.register(547) | Mapped "{[/profile/{repository}],methods=[GET],produces=[application/schema+json]}" onto public org.springframework.http.HttpEntity<org.springframework.data.rest.webmvc.json.JsonSchema> org.springframework.data.rest.webmvc.RepositorySchemaController.schema(org.springframework.data.rest.webmvc.RootResourceInformation)
2020-04-13 21:31:15  INFO DemoApplicationTests.logStarted(59) | Started DemoApplicationTests in 4.953 seconds (JVM running for 5.83)
2020-04-13 21:31:16  INFO GenericWebApplicationContext.doClose(993) | Closing org.springframework.web.context.support.GenericWebApplicationContext@30f842ca: startup date [Mon Apr 13 21:31:11 CST 2020]; root of context hierarchy
2020-04-13 21:31:16  INFO ThreadPoolTaskScheduler.shutdown(208) | Shutting down ExecutorService 'threadPoolTaskScheduler'
2020-04-13 21:32:41  INFO Version.<clinit>(21) | HV000001: Hibernate Validator 6.0.11.Final
2020-04-13 21:32:43  INFO Version.<clinit>(21) | HV000001: Hibernate Validator 6.0.11.Final
2020-04-13 21:32:44  INFO DemoApplication.logStarting(50) | Starting DemoApplication on DESKTOP-6967O44 with PID 23444 (D:\learnPeoject\SpringBootJwt-master\target\classes started by Her in D:\learnPeoject\SpringBootJwt-master)
2020-04-13 21:32:44  INFO DemoApplication.logStartupProfileInfo(666) | The following profiles are active: dev
2020-04-13 21:32:44  INFO AnnotationConfigServletWebServerApplicationContext.prepareRefresh(590) | Refreshing org.springframework.boot.web.servlet.context.AnnotationConfigServletWebServerApplicationContext@651aed93: startup date [Mon Apr 13 21:32:44 CST 2020]; root of context hierarchy
2020-04-13 21:32:53  INFO SpringBootTestContextBootstrapper.buildDefaultMergedContextConfiguration(308) | Neither @ContextConfiguration nor @ContextHierarchy found for test class [com.example.demo.DemoApplicationTests], using SpringBootContextLoader
2020-04-13 21:32:53  INFO AbstractContextLoader.generateDefaultLocations(264) | Could not detect default resource locations for test class [com.example.demo.DemoApplicationTests]: no resource found for suffixes {-context.xml, Context.groovy}.
2020-04-13 21:32:53  INFO AnnotationConfigContextLoaderUtils.detectDefaultConfigurationClasses(83) | Could not detect default configuration classes for test class [com.example.demo.DemoApplicationTests]: DemoApplicationTests does not declare any static, non-private, non-final, nested classes annotated with @Configuration.
2020-04-13 21:32:53  INFO SpringBootTestContextBootstrapper.getOrFindConfigurationClasses(247) | Found @SpringBootConfiguration com.example.demo.DemoApplication for test class com.example.demo.DemoApplicationTests
2020-04-13 21:32:53  INFO SpringBootTestContextBootstrapper.getDefaultTestExecutionListenerClassNames(248) | Loaded default TestExecutionListener class names from location [META-INF/spring.factories]: [org.springframework.boot.test.mock.mockito.MockitoTestExecutionListener, org.springframework.boot.test.mock.mockito.ResetMocksTestExecutionListener, org.springframework.boot.test.autoconfigure.restdocs.RestDocsTestExecutionListener, org.springframework.boot.test.autoconfigure.web.client.MockRestServiceServerResetTestExecutionListener, org.springframework.boot.test.autoconfigure.web.servlet.MockMvcPrintOnlyOnFailureTestExecutionListener, org.springframework.boot.test.autoconfigure.web.servlet.WebDriverTestExecutionListener, org.springframework.test.context.web.ServletTestExecutionListener, org.springframework.test.context.support.DirtiesContextBeforeModesTestExecutionListener, org.springframework.test.context.support.DependencyInjectionTestExecutionListener, org.springframework.test.context.support.DirtiesContextTestExecutionListener, org.springframework.test.context.transaction.TransactionalTestExecutionListener, org.springframework.test.context.jdbc.SqlScriptsTestExecutionListener]
2020-04-13 21:32:53  INFO SpringBootTestContextBootstrapper.getTestExecutionListeners(177) | Using TestExecutionListeners: [org.springframework.test.context.web.ServletTestExecutionListener@74235045, org.springframework.test.context.support.DirtiesContextBeforeModesTestExecutionListener@618b19ad, org.springframework.boot.test.mock.mockito.MockitoTestExecutionListener@2d3379b4, org.springframework.boot.test.autoconfigure.SpringBootDependencyInjectionTestExecutionListener@30c15d8b, org.springframework.test.context.support.DirtiesContextTestExecutionListener@5e0e82ae, org.springframework.test.context.transaction.TransactionalTestExecutionListener@6771beb3, org.springframework.test.context.jdbc.SqlScriptsTestExecutionListener@51399530, org.springframework.boot.test.mock.mockito.ResetMocksTestExecutionListener@6b2ea799, org.springframework.boot.test.autoconfigure.restdocs.RestDocsTestExecutionListener@411f53a0, org.springframework.boot.test.autoconfigure.web.client.MockRestServiceServerResetTestExecutionListener@2b71e916, org.springframework.boot.test.autoconfigure.web.servlet.MockMvcPrintOnlyOnFailureTestExecutionListener@36fc695d, org.springframework.boot.test.autoconfigure.web.servlet.WebDriverTestExecutionListener@28701274]
2020-04-13 21:32:53  INFO Version.<clinit>(21) | HV000001: Hibernate Validator 6.0.11.Final
2020-04-13 21:32:53  INFO DemoApplicationTests.logStarting(50) | Starting DemoApplicationTests on DESKTOP-6967O44 with PID 17032 (started by Her in D:\learnPeoject\SpringBootJwt-master)
2020-04-13 21:32:53  INFO DemoApplicationTests.logStartupProfileInfo(666) | The following profiles are active: dev
2020-04-13 21:32:53  INFO GenericWebApplicationContext.prepareRefresh(590) | Refreshing org.springframework.web.context.support.GenericWebApplicationContext@30f842ca: startup date [Mon Apr 13 21:32:53 CST 2020]; root of context hierarchy
2020-04-13 21:32:55  INFO PostProcessorRegistrationDelegate$BeanPostProcessorChecker.postProcessAfterInitialization(326) | Bean 'org.springframework.hateoas.config.HateoasConfiguration' of type [org.springframework.hateoas.config.HateoasConfiguration$$EnhancerBySpringCGLIB$$da16c201] is not eligible for getting processed by all BeanPostProcessors (for example: not eligible for auto-proxying)
2020-04-13 21:32:55  INFO PostProcessorRegistrationDelegate$BeanPostProcessorChecker.postProcessAfterInitialization(326) | Bean 'org.springframework.transaction.annotation.ProxyTransactionManagementConfiguration' of type [org.springframework.transaction.annotation.ProxyTransactionManagementConfiguration$$EnhancerBySpringCGLIB$$5a9674cf] is not eligible for getting processed by all BeanPostProcessors (for example: not eligible for auto-proxying)
2020-04-13 21:32:55  INFO ThreadPoolTaskScheduler.initialize(171) | Initializing ExecutorService  'threadPoolTaskScheduler'
2020-04-13 21:32:56  INFO SimpleUrlHandlerMapping.registerHandler(373) | Mapped URL path [/**/favicon.ico] onto handler of type [class org.springframework.web.servlet.resource.ResourceHttpRequestHandler]
2020-04-13 21:32:57  INFO RequestMappingHandlerAdapter.initControllerAdviceCache(574) | Looking for @ControllerAdvice: org.springframework.web.context.support.GenericWebApplicationContext@30f842ca: startup date [Mon Apr 13 21:32:53 CST 2020]; root of context hierarchy
2020-04-13 21:32:57  INFO RequestMappingHandlerMapping.register(547) | Mapped "{[/login],methods=[POST]}" onto public com.example.demo.uitl.BaseResponse<com.alibaba.fastjson.JSONObject> com.example.demo.contronller.AdminUserController.adminLogin(com.example.demo.dao.pojo.User,javax.servlet.http.HttpServletResponse)
2020-04-13 21:32:57  INFO RequestMappingHandlerMapping.register(547) | Mapped "{[/users],methods=[GET]}" onto public com.example.demo.uitl.Result com.example.demo.contronller.AdminUserController.userList()
2020-04-13 21:32:57  INFO RequestMappingHandlerMapping.register(547) | Mapped "{[/sendEmail],methods=[GET]}" onto public java.lang.String com.example.demo.contronller.EmailController.startCron()
2020-04-13 21:32:57  INFO RequestMappingHandlerMapping.register(547) | Mapped "{[/recordtest],methods=[GET]}" onto public com.example.demo.uitl.Result com.example.demo.contronller.EmailController.userList()
2020-04-13 21:32:57  INFO RequestMappingHandlerMapping.register(547) | Mapped "{[/delRecord],methods=[POST]}" onto public com.example.demo.uitl.BaseResponse<java.lang.String> com.example.demo.contronller.RecordController.delRecord(com.example.demo.dao.pojo.Record)
2020-04-13 21:32:57  INFO RequestMappingHandlerMapping.register(547) | Mapped "{[/updateRecord],methods=[POST]}" onto public com.example.demo.uitl.BaseResponse<java.lang.String> com.example.demo.contronller.RecordController.updateRecord(com.example.demo.dao.pojo.Record)
2020-04-13 21:32:57  INFO RequestMappingHandlerMapping.register(547) | Mapped "{[/getRecordRecord],methods=[GET]}" onto public com.example.demo.uitl.BaseResponse<com.github.pagehelper.PageInfo<com.example.demo.dao.pojo.Record>> com.example.demo.contronller.RecordController.getRecordDatas(java.lang.Integer,java.lang.Integer)
2020-04-13 21:32:57  INFO RequestMappingHandlerMapping.register(547) | Mapped "{[/getRecordReports],methods=[GET]}" onto public com.example.demo.uitl.BaseResponse<java.util.List<com.example.demo.dao.pojo.Record>> com.example.demo.contronller.RecordController.getRecordReports(java.lang.String)
2020-04-13 21:32:57  INFO RequestMappingHandlerMapping.register(547) | Mapped "{[/getRecordInfo],methods=[GET]}" onto public com.example.demo.uitl.BaseResponse<com.example.demo.dao.pojo.Record> com.example.demo.contronller.RecordController.getRecordInfo(java.lang.String)
2020-04-13 21:32:57  INFO RequestMappingHandlerMapping.register(547) | Mapped "{[/createRecord],methods=[POST]}" onto public com.example.demo.uitl.BaseResponse<java.lang.String> com.example.demo.contronller.RecordController.registered(com.example.demo.dao.pojo.Record)
2020-04-13 21:32:57  INFO RequestMappingHandlerMapping.register(547) | Mapped "{[/startCron],methods=[POST]}" onto public java.lang.String com.example.demo.contronller.ScheduledController.startCron()
2020-04-13 21:32:57  INFO RequestMappingHandlerMapping.register(547) | Mapped "{[/changeCron10]}" onto public java.lang.String com.example.demo.contronller.ScheduledController.startCron10()
2020-04-13 21:32:57  INFO RequestMappingHandlerMapping.register(547) | Mapped "{[/stopCron],methods=[GET]}" onto public java.lang.String com.example.demo.contronller.ScheduledController.stopCron(java.lang.Integer)
2020-04-13 21:32:57  INFO RequestMappingHandlerMapping.register(547) | Mapped "{[/sendEmail],methods=[POST]}" onto public java.lang.String com.example.demo.contronller.UserInfoController.startCron(com.example.demo.request.EmailInfo)
2020-04-13 21:32:57  INFO RequestMappingHandlerMapping.register(547) | Mapped "{[/registered],methods=[POST]}" onto public com.example.demo.uitl.BaseResponse<java.lang.String> com.example.demo.contronller.UserInfoController.registered(com.example.demo.dao.pojo.User)
2020-04-13 21:32:57  INFO RequestMappingHandlerMapping.register(547) | Mapped "{[/error]}" onto public org.springframework.http.ResponseEntity<java.util.Map<java.lang.String, java.lang.Object>> org.springframework.boot.autoconfigure.web.servlet.error.BasicErrorController.error(javax.servlet.http.HttpServletRequest)
2020-04-13 21:32:57  INFO RequestMappingHandlerMapping.register(547) | Mapped "{[/error],produces=[text/html]}" onto public org.springframework.web.servlet.ModelAndView org.springframework.boot.autoconfigure.web.servlet.error.BasicErrorController.errorHtml(javax.servlet.http.HttpServletRequest,javax.servlet.http.HttpServletResponse)
2020-04-13 21:32:57  INFO SimpleUrlHandlerMapping.registerHandler(373) | Mapped URL path [/webjars/**] onto handler of type [class org.springframework.web.servlet.resource.ResourceHttpRequestHandler]
2020-04-13 21:32:57  INFO SimpleUrlHandlerMapping.registerHandler(373) | Mapped URL path [/**] onto handler of type [class org.springframework.web.servlet.resource.ResourceHttpRequestHandler]
2020-04-13 21:32:57  INFO ExceptionHandlerExceptionResolver.initExceptionHandlerAdviceCache(288) | Detected @ExceptionHandler methods in repositoryRestExceptionHandler
2020-04-13 21:32:57  INFO RepositoryRestHandlerAdapter.initControllerAdviceCache(574) | Looking for @ControllerAdvice: org.springframework.web.context.support.GenericWebApplicationContext@30f842ca: startup date [Mon Apr 13 21:32:53 CST 2020]; root of context hierarchy
2020-04-13 21:32:57  INFO RepositoryRestHandlerMapping.register(547) | Mapped "{[/{repository}/{id}/{property}],methods=[GET],produces=[application/hal+json || application/json]}" onto public org.springframework.http.ResponseEntity<org.springframework.hateoas.ResourceSupport> org.springframework.data.rest.webmvc.RepositoryPropertyReferenceController.followPropertyReference(org.springframework.data.rest.webmvc.RootResourceInformation,java.io.Serializable,java.lang.String,org.springframework.data.rest.webmvc.PersistentEntityResourceAssembler) throws java.lang.Exception
2020-04-13 21:32:57  INFO RepositoryRestHandlerMapping.register(547) | Mapped "{[/{repository}/{id}/{property}/{propertyId}],methods=[GET],produces=[application/hal+json || application/json]}" onto public org.springframework.http.ResponseEntity<org.springframework.hateoas.ResourceSupport> org.springframework.data.rest.webmvc.RepositoryPropertyReferenceController.followPropertyReference(org.springframework.data.rest.webmvc.RootResourceInformation,java.io.Serializable,java.lang.String,java.lang.String,org.springframework.data.rest.webmvc.PersistentEntityResourceAssembler) throws java.lang.Exception
2020-04-13 21:32:57  INFO RepositoryRestHandlerMapping.register(547) | Mapped "{[/{repository}/{id}/{property}],methods=[DELETE],produces=[application/hal+json || application/json]}" onto public org.springframework.http.ResponseEntity<? extends org.springframework.hateoas.ResourceSupport> org.springframework.data.rest.webmvc.RepositoryPropertyReferenceController.deletePropertyReference(org.springframework.data.rest.webmvc.RootResourceInformation,java.io.Serializable,java.lang.String) throws java.lang.Exception
2020-04-13 21:32:57  INFO RepositoryRestHandlerMapping.register(547) | Mapped "{[/{repository}/{id}/{property}],methods=[GET],produces=[application/x-spring-data-compact+json || text/uri-list]}" onto public org.springframework.http.ResponseEntity<org.springframework.hateoas.ResourceSupport> org.springframework.data.rest.webmvc.RepositoryPropertyReferenceController.followPropertyReferenceCompact(org.springframework.data.rest.webmvc.RootResourceInformation,java.io.Serializable,java.lang.String,org.springframework.data.rest.webmvc.PersistentEntityResourceAssembler) throws java.lang.Exception
2020-04-13 21:32:57  INFO RepositoryRestHandlerMapping.register(547) | Mapped "{[/{repository}/{id}/{property}],methods=[PATCH || PUT || POST],consumes=[application/json || application/x-spring-data-compact+json || text/uri-list],produces=[application/hal+json || application/json]}" onto public org.springframework.http.ResponseEntity<? extends org.springframework.hateoas.ResourceSupport> org.springframework.data.rest.webmvc.RepositoryPropertyReferenceController.createPropertyReference(org.springframework.data.rest.webmvc.RootResourceInformation,org.springframework.http.HttpMethod,org.springframework.hateoas.Resources<java.lang.Object>,java.io.Serializable,java.lang.String) throws java.lang.Exception
2020-04-13 21:32:57  INFO RepositoryRestHandlerMapping.register(547) | Mapped "{[/{repository}/{id}/{property}/{propertyId}],methods=[DELETE],produces=[application/hal+json || application/json]}" onto public org.springframework.http.ResponseEntity<org.springframework.hateoas.ResourceSupport> org.springframework.data.rest.webmvc.RepositoryPropertyReferenceController.deletePropertyReferenceId(org.springframework.data.rest.webmvc.RootResourceInformation,java.io.Serializable,java.lang.String,java.lang.String) throws java.lang.Exception
2020-04-13 21:32:57  INFO RepositoryRestHandlerMapping.register(547) | Mapped "{[/ || ],methods=[OPTIONS],produces=[application/hal+json || application/json]}" onto public org.springframework.http.HttpEntity<?> org.springframework.data.rest.webmvc.RepositoryController.optionsForRepositories()
2020-04-13 21:32:57  INFO RepositoryRestHandlerMapping.register(547) | Mapped "{[/ || ],methods=[HEAD],produces=[application/hal+json || application/json]}" onto public org.springframework.http.ResponseEntity<?> org.springframework.data.rest.webmvc.RepositoryController.headForRepositories()
2020-04-13 21:32:57  INFO RepositoryRestHandlerMapping.register(547) | Mapped "{[/ || ],methods=[GET],produces=[application/hal+json || application/json]}" onto public org.springframework.http.HttpEntity<org.springframework.data.rest.webmvc.RepositoryLinksResource> org.springframework.data.rest.webmvc.RepositoryController.listRepositories()
2020-04-13 21:32:57  INFO RepositoryRestHandlerMapping.register(547) | Mapped "{[/{repository}/search],methods=[OPTIONS],produces=[application/hal+json || application/json]}" onto public org.springframework.http.HttpEntity<?> org.springframework.data.rest.webmvc.RepositorySearchController.optionsForSearches(org.springframework.data.rest.webmvc.RootResourceInformation)
2020-04-13 21:32:57  INFO RepositoryRestHandlerMapping.register(547) | Mapped "{[/{repository}/search/{search}],methods=[GET],produces=[application/x-spring-data-compact+json]}" onto public org.springframework.hateoas.ResourceSupport org.springframework.data.rest.webmvc.RepositorySearchController.executeSearchCompact(org.springframework.data.rest.webmvc.RootResourceInformation,org.springframework.http.HttpHeaders,org.springframework.util.MultiValueMap<java.lang.String, java.lang.Object>,java.lang.String,java.lang.String,org.springframework.data.rest.webmvc.support.DefaultedPageable,org.springframework.data.domain.Sort,org.springframework.data.rest.webmvc.PersistentEntityResourceAssembler)
2020-04-13 21:32:57  INFO RepositoryRestHandlerMapping.register(547) | Mapped "{[/{repository}/search],methods=[HEAD],produces=[application/hal+json || application/json]}" onto public org.springframework.http.HttpEntity<?> org.springframework.data.rest.webmvc.RepositorySearchController.headForSearches(org.springframework.data.rest.webmvc.RootResourceInformation)
2020-04-13 21:32:57  INFO RepositoryRestHandlerMapping.register(547) | Mapped "{[/{repository}/search],methods=[GET],produces=[application/hal+json || application/json]}" onto public org.springframework.data.rest.webmvc.RepositorySearchesResource org.springframework.data.rest.webmvc.RepositorySearchController.listSearches(org.springframework.data.rest.webmvc.RootResourceInformation)
2020-04-13 21:32:57  INFO RepositoryRestHandlerMapping.register(547) | Mapped "{[/{repository}/search/{search}],methods=[GET],produces=[application/hal+json || application/json]}" onto public org.springframework.http.ResponseEntity<?> org.springframework.data.rest.webmvc.RepositorySearchController.executeSearch(org.springframework.data.rest.webmvc.RootResourceInformation,org.springframework.util.MultiValueMap<java.lang.String, java.lang.Object>,java.lang.String,org.springframework.data.rest.webmvc.support.DefaultedPageable,org.springframework.data.domain.Sort,org.springframework.data.rest.webmvc.PersistentEntityResourceAssembler,org.springframework.http.HttpHeaders)
2020-04-13 21:32:57  INFO RepositoryRestHandlerMapping.register(547) | Mapped "{[/{repository}/search/{search}],methods=[HEAD],produces=[application/hal+json || application/json]}" onto public org.springframework.http.ResponseEntity<java.lang.Object> org.springframework.data.rest.webmvc.RepositorySearchController.headForSearch(org.springframework.data.rest.webmvc.RootResourceInformation,java.lang.String)
2020-04-13 21:32:57  INFO RepositoryRestHandlerMapping.register(547) | Mapped "{[/{repository}/search/{search}],methods=[OPTIONS],produces=[application/hal+json || application/json]}" onto public org.springframework.http.ResponseEntity<java.lang.Object> org.springframework.data.rest.webmvc.RepositorySearchController.optionsForSearch(org.springframework.data.rest.webmvc.RootResourceInformation,java.lang.String)
2020-04-13 21:32:57  INFO RepositoryRestHandlerMapping.register(547) | Mapped "{[/{repository}],methods=[OPTIONS],produces=[application/hal+json || application/json]}" onto public org.springframework.http.ResponseEntity<?> org.springframework.data.rest.webmvc.RepositoryEntityController.optionsForCollectionResource(org.springframework.data.rest.webmvc.RootResourceInformation)
2020-04-13 21:32:57  INFO RepositoryRestHandlerMapping.register(547) | Mapped "{[/{repository}],methods=[HEAD],produces=[application/hal+json || application/json]}" onto public org.springframework.http.ResponseEntity<?> org.springframework.data.rest.webmvc.RepositoryEntityController.headCollectionResource(org.springframework.data.rest.webmvc.RootResourceInformation,org.springframework.data.rest.webmvc.support.DefaultedPageable) throws org.springframework.web.HttpRequestMethodNotSupportedException
2020-04-13 21:32:57  INFO RepositoryRestHandlerMapping.register(547) | Mapped "{[/{repository}],methods=[GET],produces=[application/hal+json || application/json]}" onto public org.springframework.hateoas.Resources<?> org.springframework.data.rest.webmvc.RepositoryEntityController.getCollectionResource(org.springframework.data.rest.webmvc.RootResourceInformation,org.springframework.data.rest.webmvc.support.DefaultedPageable,org.springframework.data.domain.Sort,org.springframework.data.rest.webmvc.PersistentEntityResourceAssembler) throws org.springframework.data.rest.webmvc.ResourceNotFoundException,org.springframework.web.HttpRequestMethodNotSupportedException
2020-04-13 21:32:57  INFO RepositoryRestHandlerMapping.register(547) | Mapped "{[/{repository}/{id}],methods=[PATCH],produces=[application/hal+json || application/json]}" onto public org.springframework.http.ResponseEntity<org.springframework.hateoas.ResourceSupport> org.springframework.data.rest.webmvc.RepositoryEntityController.patchItemResource(org.springframework.data.rest.webmvc.RootResourceInformation,org.springframework.data.rest.webmvc.PersistentEntityResource,java.io.Serializable,org.springframework.data.rest.webmvc.PersistentEntityResourceAssembler,org.springframework.data.rest.webmvc.support.ETag,java.lang.String) throws org.springframework.web.HttpRequestMethodNotSupportedException,org.springframework.data.rest.webmvc.ResourceNotFoundException
2020-04-13 21:32:57  INFO RepositoryRestHandlerMapping.register(547) | Mapped "{[/{repository}],methods=[GET],produces=[application/x-spring-data-compact+json || text/uri-list]}" onto public org.springframework.hateoas.Resources<?> org.springframework.data.rest.webmvc.RepositoryEntityController.getCollectionResourceCompact(org.springframework.data.rest.webmvc.RootResourceInformation,org.springframework.data.rest.webmvc.support.DefaultedPageable,org.springframework.data.domain.Sort,org.springframework.data.rest.webmvc.PersistentEntityResourceAssembler) throws org.springframework.data.rest.webmvc.ResourceNotFoundException,org.springframework.web.HttpRequestMethodNotSupportedException
2020-04-13 21:32:57  INFO RepositoryRestHandlerMapping.register(547) | Mapped "{[/{repository}/{id}],methods=[HEAD],produces=[application/hal+json || application/json]}" onto public org.springframework.http.ResponseEntity<?> org.springframework.data.rest.webmvc.RepositoryEntityController.headForItemResource(org.springframework.data.rest.webmvc.RootResourceInformation,java.io.Serializable,org.springframework.data.rest.webmvc.PersistentEntityResourceAssembler) throws org.springframework.web.HttpRequestMethodNotSupportedException
2020-04-13 21:32:57  INFO RepositoryRestHandlerMapping.register(547) | Mapped "{[/{repository}],methods=[POST],produces=[application/hal+json || application/json]}" onto public org.springframework.http.ResponseEntity<org.springframework.hateoas.ResourceSupport> org.springframework.data.rest.webmvc.RepositoryEntityController.postCollectionResource(org.springframework.data.rest.webmvc.RootResourceInformation,org.springframework.data.rest.webmvc.PersistentEntityResource,org.springframework.data.rest.webmvc.PersistentEntityResourceAssembler,java.lang.String) throws org.springframework.web.HttpRequestMethodNotSupportedException
2020-04-13 21:32:57  INFO RepositoryRestHandlerMapping.register(547) | Mapped "{[/{repository}/{id}],methods=[DELETE],produces=[application/hal+json || application/json]}" onto public org.springframework.http.ResponseEntity<?> org.springframework.data.rest.webmvc.RepositoryEntityController.deleteItemResource(org.springframework.data.rest.webmvc.RootResourceInformation,java.io.Serializable,org.springframework.data.rest.webmvc.support.ETag) throws org.springframework.data.rest.webmvc.ResourceNotFoundException,org.springframework.web.HttpRequestMethodNotSupportedException
2020-04-13 21:32:57  INFO RepositoryRestHandlerMapping.register(547) | Mapped "{[/{repository}/{id}],methods=[OPTIONS],produces=[application/hal+json || application/json]}" onto public org.springframework.http.ResponseEntity<?> org.springframework.data.rest.webmvc.RepositoryEntityController.optionsForItemResource(org.springframework.data.rest.webmvc.RootResourceInformation)
2020-04-13 21:32:57  INFO RepositoryRestHandlerMapping.register(547) | Mapped "{[/{repository}/{id}],methods=[PUT],produces=[application/hal+json || application/json]}" onto public org.springframework.http.ResponseEntity<? extends org.springframework.hateoas.ResourceSupport> org.springframework.data.rest.webmvc.RepositoryEntityController.putItemResource(org.springframework.data.rest.webmvc.RootResourceInformation,org.springframework.data.rest.webmvc.PersistentEntityResource,java.io.Serializable,org.springframework.data.rest.webmvc.PersistentEntityResourceAssembler,org.springframework.data.rest.webmvc.support.ETag,java.lang.String) throws org.springframework.web.HttpRequestMethodNotSupportedException
2020-04-13 21:32:57  INFO RepositoryRestHandlerMapping.register(547) | Mapped "{[/{repository}/{id}],methods=[GET],produces=[application/hal+json || application/json]}" onto public org.springframework.http.ResponseEntity<org.springframework.hateoas.Resource<?>> org.springframework.data.rest.webmvc.RepositoryEntityController.getItemResource(org.springframework.data.rest.webmvc.RootResourceInformation,java.io.Serializable,org.springframework.data.rest.webmvc.PersistentEntityResourceAssembler,org.springframework.http.HttpHeaders) throws org.springframework.web.HttpRequestMethodNotSupportedException
2020-04-13 21:32:57  INFO BasePathAwareHandlerMapping.register(547) | Mapped "{[/profile/{repository}],methods=[GET],produces=[application/alps+json || */*]}" onto org.springframework.http.HttpEntity<org.springframework.data.rest.webmvc.RootResourceInformation> org.springframework.data.rest.webmvc.alps.AlpsController.descriptor(org.springframework.data.rest.webmvc.RootResourceInformation)
2020-04-13 21:32:57  INFO BasePathAwareHandlerMapping.register(547) | Mapped "{[/profile/{repository}],methods=[OPTIONS],produces=[application/alps+json]}" onto org.springframework.http.HttpEntity<?> org.springframework.data.rest.webmvc.alps.AlpsController.alpsOptions()
2020-04-13 21:32:57  INFO BasePathAwareHandlerMapping.register(547) | Mapped "{[/profile],methods=[GET]}" onto org.springframework.http.HttpEntity<org.springframework.hateoas.ResourceSupport> org.springframework.data.rest.webmvc.ProfileController.listAllFormsOfMetadata()
2020-04-13 21:32:57  INFO BasePathAwareHandlerMapping.register(547) | Mapped "{[/profile],methods=[OPTIONS]}" onto public org.springframework.http.HttpEntity<?> org.springframework.data.rest.webmvc.ProfileController.profileOptions()
2020-04-13 21:32:57  INFO BasePathAwareHandlerMapping.register(547) | Mapped "{[/profile/{repository}],methods=[GET],produces=[application/schema+json]}" onto public org.springframework.http.HttpEntity<org.springframework.data.rest.webmvc.json.JsonSchema> org.springframework.data.rest.webmvc.RepositorySchemaController.schema(org.springframework.data.rest.webmvc.RootResourceInformation)
2020-04-13 21:32:58  INFO DemoApplicationTests.logStarted(59) | Started DemoApplicationTests in 4.777 seconds (JVM running for 5.665)
2020-04-13 21:32:58  INFO GenericWebApplicationContext.doClose(993) | Closing org.springframework.web.context.support.GenericWebApplicationContext@30f842ca: startup date [Mon Apr 13 21:32:53 CST 2020]; root of context hierarchy
2020-04-13 21:32:58  INFO ThreadPoolTaskScheduler.shutdown(208) | Shutting down ExecutorService 'threadPoolTaskScheduler'
2020-04-13 21:43:54  INFO Version.<clinit>(21) | HV000001: Hibernate Validator 6.0.11.Final
2020-04-13 21:43:54  INFO DemoApplication.logStarting(50) | Starting DemoApplication on DESKTOP-6967O44 with PID 5680 (D:\learnPeoject\SpringBootJwt-master\target\classes started by Her in D:\learnPeoject\SpringBootJwt-master)
2020-04-13 21:43:54  INFO DemoApplication.logStartupProfileInfo(666) | The following profiles are active: dev
2020-04-13 21:43:54  INFO AnnotationConfigServletWebServerApplicationContext.prepareRefresh(590) | Refreshing org.springframework.boot.web.servlet.context.AnnotationConfigServletWebServerApplicationContext@59e32960: startup date [Mon Apr 13 21:43:54 CST 2020]; root of context hierarchy
2020-04-13 21:43:55  INFO PostProcessorRegistrationDelegate$BeanPostProcessorChecker.postProcessAfterInitialization(326) | Bean 'org.springframework.hateoas.config.HateoasConfiguration' of type [org.springframework.hateoas.config.HateoasConfiguration$$EnhancerBySpringCGLIB$$4bac457a] is not eligible for getting processed by all BeanPostProcessors (for example: not eligible for auto-proxying)
2020-04-13 21:43:55  INFO PostProcessorRegistrationDelegate$BeanPostProcessorChecker.postProcessAfterInitialization(326) | Bean 'org.springframework.transaction.annotation.ProxyTransactionManagementConfiguration' of type [org.springframework.transaction.annotation.ProxyTransactionManagementConfiguration$$EnhancerBySpringCGLIB$$cc2bf848] is not eligible for getting processed by all BeanPostProcessors (for example: not eligible for auto-proxying)
2020-04-13 21:43:56  INFO TomcatWebServer.initialize(91) | Tomcat initialized with port(s): 8299 (http)
2020-04-13 21:43:56  INFO ContextLoader.prepareWebApplicationContext(285) | Root WebApplicationContext: initialization completed in 1737 ms
2020-04-13 21:43:56  INFO ServletRegistrationBean.addRegistration(187) | Servlet dispatcherServlet mapped to [/]
2020-04-13 21:43:56  INFO FilterRegistrationBean.configure(245) | Mapping filter: 'characterEncodingFilter' to: [/*]
2020-04-13 21:43:56  INFO FilterRegistrationBean.configure(245) | Mapping filter: 'hiddenHttpMethodFilter' to: [/*]
2020-04-13 21:43:56  INFO FilterRegistrationBean.configure(245) | Mapping filter: 'httpPutFormContentFilter' to: [/*]
2020-04-13 21:43:56  INFO FilterRegistrationBean.configure(245) | Mapping filter: 'requestContextFilter' to: [/*]
2020-04-13 21:43:56  INFO ThreadPoolTaskScheduler.initialize(171) | Initializing ExecutorService  'threadPoolTaskScheduler'
2020-04-13 21:43:57  INFO SimpleUrlHandlerMapping.registerHandler(373) | Mapped URL path [/**/favicon.ico] onto handler of type [class org.springframework.web.servlet.resource.ResourceHttpRequestHandler]
2020-04-13 21:43:57  INFO RequestMappingHandlerAdapter.initControllerAdviceCache(574) | Looking for @ControllerAdvice: org.springframework.boot.web.servlet.context.AnnotationConfigServletWebServerApplicationContext@59e32960: startup date [Mon Apr 13 21:43:54 CST 2020]; root of context hierarchy
2020-04-13 21:43:57  INFO RequestMappingHandlerMapping.register(547) | Mapped "{[/users],methods=[GET]}" onto public com.example.demo.uitl.Result com.example.demo.contronller.AdminUserController.userList()
2020-04-13 21:43:57  INFO RequestMappingHandlerMapping.register(547) | Mapped "{[/login],methods=[POST]}" onto public com.example.demo.uitl.BaseResponse<com.alibaba.fastjson.JSONObject> com.example.demo.contronller.AdminUserController.adminLogin(com.example.demo.dao.pojo.User,javax.servlet.http.HttpServletResponse)
2020-04-13 21:43:57  INFO RequestMappingHandlerMapping.register(547) | Mapped "{[/recordtest],methods=[GET]}" onto public com.example.demo.uitl.Result com.example.demo.contronller.EmailController.userList()
2020-04-13 21:43:57  INFO RequestMappingHandlerMapping.register(547) | Mapped "{[/sendEmail],methods=[GET]}" onto public java.lang.String com.example.demo.contronller.EmailController.startCron()
2020-04-13 21:43:57  INFO RequestMappingHandlerMapping.register(547) | Mapped "{[/createRecord],methods=[POST]}" onto public com.example.demo.uitl.BaseResponse<java.lang.String> com.example.demo.contronller.RecordController.registered(com.example.demo.dao.pojo.Record)
2020-04-13 21:43:57  INFO RequestMappingHandlerMapping.register(547) | Mapped "{[/getRecordRecord],methods=[GET]}" onto public com.example.demo.uitl.BaseResponse<com.github.pagehelper.PageInfo<com.example.demo.dao.pojo.Record>> com.example.demo.contronller.RecordController.getRecordDatas(java.lang.Integer,java.lang.Integer)
2020-04-13 21:43:57  INFO RequestMappingHandlerMapping.register(547) | Mapped "{[/getRecordReports],methods=[GET]}" onto public com.example.demo.uitl.BaseResponse<java.util.List<com.example.demo.dao.pojo.Record>> com.example.demo.contronller.RecordController.getRecordReports(java.lang.String)
2020-04-13 21:43:57  INFO RequestMappingHandlerMapping.register(547) | Mapped "{[/updateRecord],methods=[POST]}" onto public com.example.demo.uitl.BaseResponse<java.lang.String> com.example.demo.contronller.RecordController.updateRecord(com.example.demo.dao.pojo.Record)
2020-04-13 21:43:57  INFO RequestMappingHandlerMapping.register(547) | Mapped "{[/delRecord],methods=[POST]}" onto public com.example.demo.uitl.BaseResponse<java.lang.String> com.example.demo.contronller.RecordController.delRecord(com.example.demo.dao.pojo.Record)
2020-04-13 21:43:57  INFO RequestMappingHandlerMapping.register(547) | Mapped "{[/getRecordInfo],methods=[GET]}" onto public com.example.demo.uitl.BaseResponse<com.example.demo.dao.pojo.Record> com.example.demo.contronller.RecordController.getRecordInfo(java.lang.String)
2020-04-13 21:43:57  INFO RequestMappingHandlerMapping.register(547) | Mapped "{[/startCron],methods=[POST]}" onto public java.lang.String com.example.demo.contronller.ScheduledController.startCron()
2020-04-13 21:43:57  INFO RequestMappingHandlerMapping.register(547) | Mapped "{[/stopCron],methods=[GET]}" onto public java.lang.String com.example.demo.contronller.ScheduledController.stopCron(java.lang.Integer)
2020-04-13 21:43:57  INFO RequestMappingHandlerMapping.register(547) | Mapped "{[/changeCron10]}" onto public java.lang.String com.example.demo.contronller.ScheduledController.startCron10()
2020-04-13 21:43:57  INFO RequestMappingHandlerMapping.register(547) | Mapped "{[/registered],methods=[POST]}" onto public com.example.demo.uitl.BaseResponse<java.lang.String> com.example.demo.contronller.UserInfoController.registered(com.example.demo.dao.pojo.User)
2020-04-13 21:43:57  INFO RequestMappingHandlerMapping.register(547) | Mapped "{[/sendEmail],methods=[POST]}" onto public java.lang.String com.example.demo.contronller.UserInfoController.startCron(com.example.demo.request.EmailInfo)
2020-04-13 21:43:57  INFO RequestMappingHandlerMapping.register(547) | Mapped "{[/error]}" onto public org.springframework.http.ResponseEntity<java.util.Map<java.lang.String, java.lang.Object>> org.springframework.boot.autoconfigure.web.servlet.error.BasicErrorController.error(javax.servlet.http.HttpServletRequest)
2020-04-13 21:43:57  INFO RequestMappingHandlerMapping.register(547) | Mapped "{[/error],produces=[text/html]}" onto public org.springframework.web.servlet.ModelAndView org.springframework.boot.autoconfigure.web.servlet.error.BasicErrorController.errorHtml(javax.servlet.http.HttpServletRequest,javax.servlet.http.HttpServletResponse)
2020-04-13 21:43:57  INFO SimpleUrlHandlerMapping.registerHandler(373) | Mapped URL path [/webjars/**] onto handler of type [class org.springframework.web.servlet.resource.ResourceHttpRequestHandler]
2020-04-13 21:43:57  INFO SimpleUrlHandlerMapping.registerHandler(373) | Mapped URL path [/**] onto handler of type [class org.springframework.web.servlet.resource.ResourceHttpRequestHandler]
2020-04-13 21:43:57  INFO ExceptionHandlerExceptionResolver.initExceptionHandlerAdviceCache(288) | Detected @ExceptionHandler methods in repositoryRestExceptionHandler
2020-04-13 21:43:57  INFO RepositoryRestHandlerAdapter.initControllerAdviceCache(574) | Looking for @ControllerAdvice: org.springframework.boot.web.servlet.context.AnnotationConfigServletWebServerApplicationContext@59e32960: startup date [Mon Apr 13 21:43:54 CST 2020]; root of context hierarchy
2020-04-13 21:43:57  INFO RepositoryRestHandlerMapping.register(547) | Mapped "{[/{repository}/{id}/{property}],methods=[DELETE],produces=[application/hal+json || application/json]}" onto public org.springframework.http.ResponseEntity<? extends org.springframework.hateoas.ResourceSupport> org.springframework.data.rest.webmvc.RepositoryPropertyReferenceController.deletePropertyReference(org.springframework.data.rest.webmvc.RootResourceInformation,java.io.Serializable,java.lang.String) throws java.lang.Exception
2020-04-13 21:43:57  INFO RepositoryRestHandlerMapping.register(547) | Mapped "{[/{repository}/{id}/{property}],methods=[GET],produces=[application/x-spring-data-compact+json || text/uri-list]}" onto public org.springframework.http.ResponseEntity<org.springframework.hateoas.ResourceSupport> org.springframework.data.rest.webmvc.RepositoryPropertyReferenceController.followPropertyReferenceCompact(org.springframework.data.rest.webmvc.RootResourceInformation,java.io.Serializable,java.lang.String,org.springframework.data.rest.webmvc.PersistentEntityResourceAssembler) throws java.lang.Exception
2020-04-13 21:43:57  INFO RepositoryRestHandlerMapping.register(547) | Mapped "{[/{repository}/{id}/{property}/{propertyId}],methods=[DELETE],produces=[application/hal+json || application/json]}" onto public org.springframework.http.ResponseEntity<org.springframework.hateoas.ResourceSupport> org.springframework.data.rest.webmvc.RepositoryPropertyReferenceController.deletePropertyReferenceId(org.springframework.data.rest.webmvc.RootResourceInformation,java.io.Serializable,java.lang.String,java.lang.String) throws java.lang.Exception
2020-04-13 21:43:57  INFO RepositoryRestHandlerMapping.register(547) | Mapped "{[/{repository}/{id}/{property}],methods=[GET],produces=[application/hal+json || application/json]}" onto public org.springframework.http.ResponseEntity<org.springframework.hateoas.ResourceSupport> org.springframework.data.rest.webmvc.RepositoryPropertyReferenceController.followPropertyReference(org.springframework.data.rest.webmvc.RootResourceInformation,java.io.Serializable,java.lang.String,org.springframework.data.rest.webmvc.PersistentEntityResourceAssembler) throws java.lang.Exception
2020-04-13 21:43:57  INFO RepositoryRestHandlerMapping.register(547) | Mapped "{[/{repository}/{id}/{property}/{propertyId}],methods=[GET],produces=[application/hal+json || application/json]}" onto public org.springframework.http.ResponseEntity<org.springframework.hateoas.ResourceSupport> org.springframework.data.rest.webmvc.RepositoryPropertyReferenceController.followPropertyReference(org.springframework.data.rest.webmvc.RootResourceInformation,java.io.Serializable,java.lang.String,java.lang.String,org.springframework.data.rest.webmvc.PersistentEntityResourceAssembler) throws java.lang.Exception
2020-04-13 21:43:57  INFO RepositoryRestHandlerMapping.register(547) | Mapped "{[/{repository}/{id}/{property}],methods=[PATCH || PUT || POST],consumes=[application/json || application/x-spring-data-compact+json || text/uri-list],produces=[application/hal+json || application/json]}" onto public org.springframework.http.ResponseEntity<? extends org.springframework.hateoas.ResourceSupport> org.springframework.data.rest.webmvc.RepositoryPropertyReferenceController.createPropertyReference(org.springframework.data.rest.webmvc.RootResourceInformation,org.springframework.http.HttpMethod,org.springframework.hateoas.Resources<java.lang.Object>,java.io.Serializable,java.lang.String) throws java.lang.Exception
2020-04-13 21:43:57  INFO RepositoryRestHandlerMapping.register(547) | Mapped "{[/ || ],methods=[HEAD],produces=[application/hal+json || application/json]}" onto public org.springframework.http.ResponseEntity<?> org.springframework.data.rest.webmvc.RepositoryController.headForRepositories()
2020-04-13 21:43:57  INFO RepositoryRestHandlerMapping.register(547) | Mapped "{[/ || ],methods=[OPTIONS],produces=[application/hal+json || application/json]}" onto public org.springframework.http.HttpEntity<?> org.springframework.data.rest.webmvc.RepositoryController.optionsForRepositories()
2020-04-13 21:43:57  INFO RepositoryRestHandlerMapping.register(547) | Mapped "{[/ || ],methods=[GET],produces=[application/hal+json || application/json]}" onto public org.springframework.http.HttpEntity<org.springframework.data.rest.webmvc.RepositoryLinksResource> org.springframework.data.rest.webmvc.RepositoryController.listRepositories()
2020-04-13 21:43:57  INFO RepositoryRestHandlerMapping.register(547) | Mapped "{[/{repository}/search/{search}],methods=[GET],produces=[application/x-spring-data-compact+json]}" onto public org.springframework.hateoas.ResourceSupport org.springframework.data.rest.webmvc.RepositorySearchController.executeSearchCompact(org.springframework.data.rest.webmvc.RootResourceInformation,org.springframework.http.HttpHeaders,org.springframework.util.MultiValueMap<java.lang.String, java.lang.Object>,java.lang.String,java.lang.String,org.springframework.data.rest.webmvc.support.DefaultedPageable,org.springframework.data.domain.Sort,org.springframework.data.rest.webmvc.PersistentEntityResourceAssembler)
2020-04-13 21:43:57  INFO RepositoryRestHandlerMapping.register(547) | Mapped "{[/{repository}/search],methods=[OPTIONS],produces=[application/hal+json || application/json]}" onto public org.springframework.http.HttpEntity<?> org.springframework.data.rest.webmvc.RepositorySearchController.optionsForSearches(org.springframework.data.rest.webmvc.RootResourceInformation)
2020-04-13 21:43:57  INFO RepositoryRestHandlerMapping.register(547) | Mapped "{[/{repository}/search],methods=[GET],produces=[application/hal+json || application/json]}" onto public org.springframework.data.rest.webmvc.RepositorySearchesResource org.springframework.data.rest.webmvc.RepositorySearchController.listSearches(org.springframework.data.rest.webmvc.RootResourceInformation)
2020-04-13 21:43:57  INFO RepositoryRestHandlerMapping.register(547) | Mapped "{[/{repository}/search/{search}],methods=[OPTIONS],produces=[application/hal+json || application/json]}" onto public org.springframework.http.ResponseEntity<java.lang.Object> org.springframework.data.rest.webmvc.RepositorySearchController.optionsForSearch(org.springframework.data.rest.webmvc.RootResourceInformation,java.lang.String)
2020-04-13 21:43:57  INFO RepositoryRestHandlerMapping.register(547) | Mapped "{[/{repository}/search],methods=[HEAD],produces=[application/hal+json || application/json]}" onto public org.springframework.http.HttpEntity<?> org.springframework.data.rest.webmvc.RepositorySearchController.headForSearches(org.springframework.data.rest.webmvc.RootResourceInformation)
2020-04-13 21:43:57  INFO RepositoryRestHandlerMapping.register(547) | Mapped "{[/{repository}/search/{search}],methods=[GET],produces=[application/hal+json || application/json]}" onto public org.springframework.http.ResponseEntity<?> org.springframework.data.rest.webmvc.RepositorySearchController.executeSearch(org.springframework.data.rest.webmvc.RootResourceInformation,org.springframework.util.MultiValueMap<java.lang.String, java.lang.Object>,java.lang.String,org.springframework.data.rest.webmvc.support.DefaultedPageable,org.springframework.data.domain.Sort,org.springframework.data.rest.webmvc.PersistentEntityResourceAssembler,org.springframework.http.HttpHeaders)
2020-04-13 21:43:57  INFO RepositoryRestHandlerMapping.register(547) | Mapped "{[/{repository}/search/{search}],methods=[HEAD],produces=[application/hal+json || application/json]}" onto public org.springframework.http.ResponseEntity<java.lang.Object> org.springframework.data.rest.webmvc.RepositorySearchController.headForSearch(org.springframework.data.rest.webmvc.RootResourceInformation,java.lang.String)
2020-04-13 21:43:57  INFO RepositoryRestHandlerMapping.register(547) | Mapped "{[/{repository}],methods=[HEAD],produces=[application/hal+json || application/json]}" onto public org.springframework.http.ResponseEntity<?> org.springframework.data.rest.webmvc.RepositoryEntityController.headCollectionResource(org.springframework.data.rest.webmvc.RootResourceInformation,org.springframework.data.rest.webmvc.support.DefaultedPageable) throws org.springframework.web.HttpRequestMethodNotSupportedException
2020-04-13 21:43:57  INFO RepositoryRestHandlerMapping.register(547) | Mapped "{[/{repository}],methods=[OPTIONS],produces=[application/hal+json || application/json]}" onto public org.springframework.http.ResponseEntity<?> org.springframework.data.rest.webmvc.RepositoryEntityController.optionsForCollectionResource(org.springframework.data.rest.webmvc.RootResourceInformation)
2020-04-13 21:43:57  INFO RepositoryRestHandlerMapping.register(547) | Mapped "{[/{repository}],methods=[GET],produces=[application/hal+json || application/json]}" onto public org.springframework.hateoas.Resources<?> org.springframework.data.rest.webmvc.RepositoryEntityController.getCollectionResource(org.springframework.data.rest.webmvc.RootResourceInformation,org.springframework.data.rest.webmvc.support.DefaultedPageable,org.springframework.data.domain.Sort,org.springframework.data.rest.webmvc.PersistentEntityResourceAssembler) throws org.springframework.data.rest.webmvc.ResourceNotFoundException,org.springframework.web.HttpRequestMethodNotSupportedException
2020-04-13 21:43:57  INFO RepositoryRestHandlerMapping.register(547) | Mapped "{[/{repository}],methods=[GET],produces=[application/x-spring-data-compact+json || text/uri-list]}" onto public org.springframework.hateoas.Resources<?> org.springframework.data.rest.webmvc.RepositoryEntityController.getCollectionResourceCompact(org.springframework.data.rest.webmvc.RootResourceInformation,org.springframework.data.rest.webmvc.support.DefaultedPageable,org.springframework.data.domain.Sort,org.springframework.data.rest.webmvc.PersistentEntityResourceAssembler) throws org.springframework.data.rest.webmvc.ResourceNotFoundException,org.springframework.web.HttpRequestMethodNotSupportedException
2020-04-13 21:43:57  INFO RepositoryRestHandlerMapping.register(547) | Mapped "{[/{repository}/{id}],methods=[OPTIONS],produces=[application/hal+json || application/json]}" onto public org.springframework.http.ResponseEntity<?> org.springframework.data.rest.webmvc.RepositoryEntityController.optionsForItemResource(org.springframework.data.rest.webmvc.RootResourceInformation)
2020-04-13 21:43:57  INFO RepositoryRestHandlerMapping.register(547) | Mapped "{[/{repository}/{id}],methods=[DELETE],produces=[application/hal+json || application/json]}" onto public org.springframework.http.ResponseEntity<?> org.springframework.data.rest.webmvc.RepositoryEntityController.deleteItemResource(org.springframework.data.rest.webmvc.RootResourceInformation,java.io.Serializable,org.springframework.data.rest.webmvc.support.ETag) throws org.springframework.data.rest.webmvc.ResourceNotFoundException,org.springframework.web.HttpRequestMethodNotSupportedException
2020-04-13 21:43:57  INFO RepositoryRestHandlerMapping.register(547) | Mapped "{[/{repository}],methods=[POST],produces=[application/hal+json || application/json]}" onto public org.springframework.http.ResponseEntity<org.springframework.hateoas.ResourceSupport> org.springframework.data.rest.webmvc.RepositoryEntityController.postCollectionResource(org.springframework.data.rest.webmvc.RootResourceInformation,org.springframework.data.rest.webmvc.PersistentEntityResource,org.springframework.data.rest.webmvc.PersistentEntityResourceAssembler,java.lang.String) throws org.springframework.web.HttpRequestMethodNotSupportedException
2020-04-13 21:43:58  INFO RepositoryRestHandlerMapping.register(547) | Mapped "{[/{repository}/{id}],methods=[PATCH],produces=[application/hal+json || application/json]}" onto public org.springframework.http.ResponseEntity<org.springframework.hateoas.ResourceSupport> org.springframework.data.rest.webmvc.RepositoryEntityController.patchItemResource(org.springframework.data.rest.webmvc.RootResourceInformation,org.springframework.data.rest.webmvc.PersistentEntityResource,java.io.Serializable,org.springframework.data.rest.webmvc.PersistentEntityResourceAssembler,org.springframework.data.rest.webmvc.support.ETag,java.lang.String) throws org.springframework.web.HttpRequestMethodNotSupportedException,org.springframework.data.rest.webmvc.ResourceNotFoundException
2020-04-13 21:43:58  INFO RepositoryRestHandlerMapping.register(547) | Mapped "{[/{repository}/{id}],methods=[HEAD],produces=[application/hal+json || application/json]}" onto public org.springframework.http.ResponseEntity<?> org.springframework.data.rest.webmvc.RepositoryEntityController.headForItemResource(org.springframework.data.rest.webmvc.RootResourceInformation,java.io.Serializable,org.springframework.data.rest.webmvc.PersistentEntityResourceAssembler) throws org.springframework.web.HttpRequestMethodNotSupportedException
2020-04-13 21:43:58  INFO RepositoryRestHandlerMapping.register(547) | Mapped "{[/{repository}/{id}],methods=[PUT],produces=[application/hal+json || application/json]}" onto public org.springframework.http.ResponseEntity<? extends org.springframework.hateoas.ResourceSupport> org.springframework.data.rest.webmvc.RepositoryEntityController.putItemResource(org.springframework.data.rest.webmvc.RootResourceInformation,org.springframework.data.rest.webmvc.PersistentEntityResource,java.io.Serializable,org.springframework.data.rest.webmvc.PersistentEntityResourceAssembler,org.springframework.data.rest.webmvc.support.ETag,java.lang.String) throws org.springframework.web.HttpRequestMethodNotSupportedException
2020-04-13 21:43:58  INFO RepositoryRestHandlerMapping.register(547) | Mapped "{[/{repository}/{id}],methods=[GET],produces=[application/hal+json || application/json]}" onto public org.springframework.http.ResponseEntity<org.springframework.hateoas.Resource<?>> org.springframework.data.rest.webmvc.RepositoryEntityController.getItemResource(org.springframework.data.rest.webmvc.RootResourceInformation,java.io.Serializable,org.springframework.data.rest.webmvc.PersistentEntityResourceAssembler,org.springframework.http.HttpHeaders) throws org.springframework.web.HttpRequestMethodNotSupportedException
2020-04-13 21:43:58  INFO BasePathAwareHandlerMapping.register(547) | Mapped "{[/profile/{repository}],methods=[GET],produces=[application/alps+json || */*]}" onto org.springframework.http.HttpEntity<org.springframework.data.rest.webmvc.RootResourceInformation> org.springframework.data.rest.webmvc.alps.AlpsController.descriptor(org.springframework.data.rest.webmvc.RootResourceInformation)
2020-04-13 21:43:58  INFO BasePathAwareHandlerMapping.register(547) | Mapped "{[/profile/{repository}],methods=[OPTIONS],produces=[application/alps+json]}" onto org.springframework.http.HttpEntity<?> org.springframework.data.rest.webmvc.alps.AlpsController.alpsOptions()
2020-04-13 21:43:58  INFO BasePathAwareHandlerMapping.register(547) | Mapped "{[/profile],methods=[GET]}" onto org.springframework.http.HttpEntity<org.springframework.hateoas.ResourceSupport> org.springframework.data.rest.webmvc.ProfileController.listAllFormsOfMetadata()
2020-04-13 21:43:58  INFO BasePathAwareHandlerMapping.register(547) | Mapped "{[/profile],methods=[OPTIONS]}" onto public org.springframework.http.HttpEntity<?> org.springframework.data.rest.webmvc.ProfileController.profileOptions()
2020-04-13 21:43:58  INFO BasePathAwareHandlerMapping.register(547) | Mapped "{[/profile/{repository}],methods=[GET],produces=[application/schema+json]}" onto public org.springframework.http.HttpEntity<org.springframework.data.rest.webmvc.json.JsonSchema> org.springframework.data.rest.webmvc.RepositorySchemaController.schema(org.springframework.data.rest.webmvc.RootResourceInformation)
2020-04-13 21:43:58  INFO AnnotationMBeanExporter.afterSingletonsInstantiated(433) | Registering beans for JMX exposure on startup
2020-04-13 21:43:58  INFO AnnotationMBeanExporter.autodetect(895) | Bean with name 'dataSource' has been autodetected for JMX exposure
2020-04-13 21:43:58  INFO AnnotationMBeanExporter.registerBeanInstance(668) | Located MBean 'dataSource': registering with JMX server as MBean [com.zaxxer.hikari:name=dataSource,type=HikariDataSource]
2020-04-13 21:43:58  INFO TomcatWebServer.start(206) | Tomcat started on port(s): 8299 (http) with context path ''
2020-04-13 21:43:58  INFO DemoApplication.logStarted(59) | Started DemoApplication in 4.107 seconds (JVM running for 5.243)
2020-04-13 21:44:45  INFO DispatcherServlet.initServletBean(494) | FrameworkServlet 'dispatcherServlet': initialization started
2020-04-13 21:44:45  INFO DispatcherServlet.initServletBean(509) | FrameworkServlet 'dispatcherServlet': initialization completed in 21 ms
2020-04-13 21:44:45  WARN PageNotFound.handleHttpRequestMethodNotSupported(255) | Request method 'GET' not supported
2020-04-13 21:44:50  INFO JwtInterceptor.preHandle(56) | ## authHeader= null
2020-04-13 21:44:50  INFO JwtInterceptor.preHandle(58) | ### 用户未登录，请先登录 ###
2020-04-13 21:45:55  INFO JwtInterceptor.preHandle(56) | ## authHeader= null
2020-04-13 21:45:55  INFO JwtInterceptor.preHandle(58) | ### 用户未登录，请先登录 ###
2020-04-13 21:46:01  INFO JwtInterceptor.preHandle(56) | ## authHeader= null
2020-04-13 21:46:01  INFO JwtInterceptor.preHandle(58) | ### 用户未登录，请先登录 ###
2020-04-13 21:46:23  INFO JwtInterceptor.preHandle(56) | ## authHeader= null
2020-04-13 21:46:23  INFO JwtInterceptor.preHandle(58) | ### 用户未登录，请先登录 ###
2020-04-13 21:46:44  INFO JwtInterceptor.preHandle(56) | ## authHeader= null
2020-04-13 21:46:44  INFO JwtInterceptor.preHandle(58) | ### 用户未登录，请先登录 ###
2020-04-13 21:46:55  INFO JwtInterceptor.preHandle(56) | ## authHeader= null
2020-04-13 21:46:55  INFO JwtInterceptor.preHandle(58) | ### 用户未登录，请先登录 ###
2020-04-13 21:46:59  INFO JwtInterceptor.preHandle(56) | ## authHeader= null
2020-04-13 21:46:59  INFO JwtInterceptor.preHandle(58) | ### 用户未登录，请先登录 ###
2020-04-13 21:47:18  INFO JwtInterceptor.preHandle(56) | ## authHeader= null
2020-04-13 21:47:18  INFO JwtInterceptor.preHandle(58) | ### 用户未登录，请先登录 ###
2020-04-13 21:47:18  INFO HikariDataSource.getConnection(110) | HikariPool-1 - Starting...
2020-04-13 21:47:20  INFO HikariDataSource.getConnection(123) | HikariPool-1 - Start completed.
2020-04-13 21:47:20  INFO AdminUserController.adminLogin(54) | ### 登录成功, token=eyJ0eXAiOiJKV1QiLCJhbGciOiJIUzI1NiJ9.eyJyb2xlIjoidXNlciIsInVzZXJJZCI6IjM5NzM4NzY1NDE3OTcyMTIxNiIsInN1YiI6IuW8oOS4iSIsImlzcyI6IjA5OGY2YmNkNDYyMWQzNzNjYWRlNGU4MzI2MjdiNGY2IiwiaWF0IjoxNTg2Nzg1NjQwLCJhdWQiOiJyZXN0YXBpdXNlciIsImV4cCI6MTU4Njc5Mjg0MCwibmJmIjoxNTg2Nzg1NjQwfQ.beVICTAmyIzxmGXdiOP-SgppinzTxacc3Zypb7Cw_ko ###
2020-04-13 21:47:20  INFO JwtInterceptor.preHandle(56) | ## authHeader= null
2020-04-13 21:47:20  INFO JwtInterceptor.preHandle(58) | ### 用户未登录，请先登录 ###
2020-04-13 21:47:20  INFO JwtInterceptor.preHandle(56) | ## authHeader= Bearer eyJ0eXAiOiJKV1QiLCJhbGciOiJIUzI1NiJ9.eyJyb2xlIjoidXNlciIsInVzZXJJZCI6IjM5NzM4NzY1NDE3OTcyMTIxNiIsInN1YiI6IuW8oOS4iSIsImlzcyI6IjA5OGY2YmNkNDYyMWQzNzNjYWRlNGU4MzI2MjdiNGY2IiwiaWF0IjoxNTg2Nzg1NjQwLCJhdWQiOiJyZXN0YXBpdXNlciIsImV4cCI6MTU4Njc5Mjg0MCwibmJmIjoxNTg2Nzg1NjQwfQ.beVICTAmyIzxmGXdiOP-SgppinzTxacc3Zypb7Cw_ko
2020-04-13 21:47:20  INFO RecordController.getRecordDatas(32) | 分页获取
2020-04-13 21:47:20  INFO RecordServiceImp.getRecordDatas(31) | 分页获取记录
2020-04-13 21:50:01  INFO SpringBootTestContextBootstrapper.buildDefaultMergedContextConfiguration(308) | Neither @ContextConfiguration nor @ContextHierarchy found for test class [com.example.demo.DemoApplicationTests], using SpringBootContextLoader
2020-04-13 21:50:01  INFO AbstractContextLoader.generateDefaultLocations(264) | Could not detect default resource locations for test class [com.example.demo.DemoApplicationTests]: no resource found for suffixes {-context.xml, Context.groovy}.
2020-04-13 21:50:01  INFO AnnotationConfigContextLoaderUtils.detectDefaultConfigurationClasses(83) | Could not detect default configuration classes for test class [com.example.demo.DemoApplicationTests]: DemoApplicationTests does not declare any static, non-private, non-final, nested classes annotated with @Configuration.
2020-04-13 21:50:01  INFO SpringBootTestContextBootstrapper.getOrFindConfigurationClasses(247) | Found @SpringBootConfiguration com.example.demo.DemoApplication for test class com.example.demo.DemoApplicationTests
2020-04-13 21:50:01  INFO SpringBootTestContextBootstrapper.getDefaultTestExecutionListenerClassNames(248) | Loaded default TestExecutionListener class names from location [META-INF/spring.factories]: [org.springframework.boot.test.mock.mockito.MockitoTestExecutionListener, org.springframework.boot.test.mock.mockito.ResetMocksTestExecutionListener, org.springframework.boot.test.autoconfigure.restdocs.RestDocsTestExecutionListener, org.springframework.boot.test.autoconfigure.web.client.MockRestServiceServerResetTestExecutionListener, org.springframework.boot.test.autoconfigure.web.servlet.MockMvcPrintOnlyOnFailureTestExecutionListener, org.springframework.boot.test.autoconfigure.web.servlet.WebDriverTestExecutionListener, org.springframework.test.context.web.ServletTestExecutionListener, org.springframework.test.context.support.DirtiesContextBeforeModesTestExecutionListener, org.springframework.test.context.support.DependencyInjectionTestExecutionListener, org.springframework.test.context.support.DirtiesContextTestExecutionListener, org.springframework.test.context.transaction.TransactionalTestExecutionListener, org.springframework.test.context.jdbc.SqlScriptsTestExecutionListener]
2020-04-13 21:50:01  INFO SpringBootTestContextBootstrapper.getTestExecutionListeners(177) | Using TestExecutionListeners: [org.springframework.test.context.web.ServletTestExecutionListener@3754a4bf, org.springframework.test.context.support.DirtiesContextBeforeModesTestExecutionListener@62379589, org.springframework.boot.test.mock.mockito.MockitoTestExecutionListener@4afcd809, org.springframework.boot.test.autoconfigure.SpringBootDependencyInjectionTestExecutionListener@175c2241, org.springframework.test.context.support.DirtiesContextTestExecutionListener@5bf0d49, org.springframework.test.context.transaction.TransactionalTestExecutionListener@5b7a5baa, org.springframework.test.context.jdbc.SqlScriptsTestExecutionListener@776aec5c, org.springframework.boot.test.mock.mockito.ResetMocksTestExecutionListener@1d296da, org.springframework.boot.test.autoconfigure.restdocs.RestDocsTestExecutionListener@7c7a06ec, org.springframework.boot.test.autoconfigure.web.client.MockRestServiceServerResetTestExecutionListener@75d4a5c2, org.springframework.boot.test.autoconfigure.web.servlet.MockMvcPrintOnlyOnFailureTestExecutionListener@557caf28, org.springframework.boot.test.autoconfigure.web.servlet.WebDriverTestExecutionListener@408d971b]
2020-04-13 21:50:01  INFO Version.<clinit>(21) | HV000001: Hibernate Validator 6.0.11.Final
2020-04-13 21:50:02  INFO DemoApplicationTests.logStarting(50) | Starting DemoApplicationTests on DESKTOP-6967O44 with PID 15296 (started by Her in D:\learnPeoject\SpringBootJwt-master)
2020-04-13 21:50:02  INFO DemoApplicationTests.logStartupProfileInfo(666) | The following profiles are active: dev
2020-04-13 21:50:02  INFO GenericWebApplicationContext.prepareRefresh(590) | Refreshing org.springframework.web.context.support.GenericWebApplicationContext@491b9b8: startup date [Mon Apr 13 21:50:02 CST 2020]; root of context hierarchy
2020-04-13 21:50:04  INFO PostProcessorRegistrationDelegate$BeanPostProcessorChecker.postProcessAfterInitialization(326) | Bean 'org.springframework.hateoas.config.HateoasConfiguration' of type [org.springframework.hateoas.config.HateoasConfiguration$$EnhancerBySpringCGLIB$$123f67c7] is not eligible for getting processed by all BeanPostProcessors (for example: not eligible for auto-proxying)
2020-04-13 21:50:04  INFO PostProcessorRegistrationDelegate$BeanPostProcessorChecker.postProcessAfterInitialization(326) | Bean 'org.springframework.transaction.annotation.ProxyTransactionManagementConfiguration' of type [org.springframework.transaction.annotation.ProxyTransactionManagementConfiguration$$EnhancerBySpringCGLIB$$92bf1a95] is not eligible for getting processed by all BeanPostProcessors (for example: not eligible for auto-proxying)
2020-04-13 21:50:04  INFO ThreadPoolTaskScheduler.initialize(171) | Initializing ExecutorService  'threadPoolTaskScheduler'
2020-04-13 21:50:06  INFO SimpleUrlHandlerMapping.registerHandler(373) | Mapped URL path [/**/favicon.ico] onto handler of type [class org.springframework.web.servlet.resource.ResourceHttpRequestHandler]
2020-04-13 21:50:06  INFO RequestMappingHandlerAdapter.initControllerAdviceCache(574) | Looking for @ControllerAdvice: org.springframework.web.context.support.GenericWebApplicationContext@491b9b8: startup date [Mon Apr 13 21:50:02 CST 2020]; root of context hierarchy
2020-04-13 21:50:06  INFO RequestMappingHandlerMapping.register(547) | Mapped "{[/users],methods=[GET]}" onto public com.example.demo.uitl.Result com.example.demo.contronller.AdminUserController.userList()
2020-04-13 21:50:06  INFO RequestMappingHandlerMapping.register(547) | Mapped "{[/login],methods=[POST]}" onto public com.example.demo.uitl.BaseResponse<com.alibaba.fastjson.JSONObject> com.example.demo.contronller.AdminUserController.adminLogin(com.example.demo.dao.pojo.User,javax.servlet.http.HttpServletResponse)
2020-04-13 21:50:06  INFO RequestMappingHandlerMapping.register(547) | Mapped "{[/recordtest],methods=[GET]}" onto public com.example.demo.uitl.Result com.example.demo.contronller.EmailController.userList()
2020-04-13 21:50:06  INFO RequestMappingHandlerMapping.register(547) | Mapped "{[/sendEmail],methods=[GET]}" onto public java.lang.String com.example.demo.contronller.EmailController.startCron()
2020-04-13 21:50:06  INFO RequestMappingHandlerMapping.register(547) | Mapped "{[/getRecordRecord],methods=[GET]}" onto public com.example.demo.uitl.BaseResponse<com.github.pagehelper.PageInfo<com.example.demo.dao.pojo.Record>> com.example.demo.contronller.RecordController.getRecordDatas(java.lang.Integer,java.lang.Integer)
2020-04-13 21:50:06  INFO RequestMappingHandlerMapping.register(547) | Mapped "{[/getRecordReports],methods=[GET]}" onto public com.example.demo.uitl.BaseResponse<java.util.List<com.example.demo.dao.pojo.Record>> com.example.demo.contronller.RecordController.getRecordReports(java.lang.String)
2020-04-13 21:50:06  INFO RequestMappingHandlerMapping.register(547) | Mapped "{[/updateRecord],methods=[POST]}" onto public com.example.demo.uitl.BaseResponse<java.lang.String> com.example.demo.contronller.RecordController.updateRecord(com.example.demo.dao.pojo.Record)
2020-04-13 21:50:06  INFO RequestMappingHandlerMapping.register(547) | Mapped "{[/delRecord],methods=[POST]}" onto public com.example.demo.uitl.BaseResponse<java.lang.String> com.example.demo.contronller.RecordController.delRecord(com.example.demo.dao.pojo.Record)
2020-04-13 21:50:06  INFO RequestMappingHandlerMapping.register(547) | Mapped "{[/createRecord],methods=[POST]}" onto public com.example.demo.uitl.BaseResponse<java.lang.String> com.example.demo.contronller.RecordController.registered(com.example.demo.dao.pojo.Record)
2020-04-13 21:50:06  INFO RequestMappingHandlerMapping.register(547) | Mapped "{[/getRecordInfo],methods=[GET]}" onto public com.example.demo.uitl.BaseResponse<com.example.demo.dao.pojo.Record> com.example.demo.contronller.RecordController.getRecordInfo(java.lang.String)
2020-04-13 21:50:06  INFO RequestMappingHandlerMapping.register(547) | Mapped "{[/startCron],methods=[POST]}" onto public java.lang.String com.example.demo.contronller.ScheduledController.startCron()
2020-04-13 21:50:06  INFO RequestMappingHandlerMapping.register(547) | Mapped "{[/stopCron],methods=[GET]}" onto public java.lang.String com.example.demo.contronller.ScheduledController.stopCron(java.lang.Integer)
2020-04-13 21:50:06  INFO RequestMappingHandlerMapping.register(547) | Mapped "{[/changeCron10]}" onto public java.lang.String com.example.demo.contronller.ScheduledController.startCron10()
2020-04-13 21:50:06  INFO RequestMappingHandlerMapping.register(547) | Mapped "{[/sendEmail],methods=[POST]}" onto public java.lang.String com.example.demo.contronller.UserInfoController.startCron(com.example.demo.request.EmailInfo)
2020-04-13 21:50:06  INFO RequestMappingHandlerMapping.register(547) | Mapped "{[/registered],methods=[POST]}" onto public com.example.demo.uitl.BaseResponse<java.lang.String> com.example.demo.contronller.UserInfoController.registered(com.example.demo.dao.pojo.User)
2020-04-13 21:50:06  INFO RequestMappingHandlerMapping.register(547) | Mapped "{[/error]}" onto public org.springframework.http.ResponseEntity<java.util.Map<java.lang.String, java.lang.Object>> org.springframework.boot.autoconfigure.web.servlet.error.BasicErrorController.error(javax.servlet.http.HttpServletRequest)
2020-04-13 21:50:06  INFO RequestMappingHandlerMapping.register(547) | Mapped "{[/error],produces=[text/html]}" onto public org.springframework.web.servlet.ModelAndView org.springframework.boot.autoconfigure.web.servlet.error.BasicErrorController.errorHtml(javax.servlet.http.HttpServletRequest,javax.servlet.http.HttpServletResponse)
2020-04-13 21:50:06  INFO SimpleUrlHandlerMapping.registerHandler(373) | Mapped URL path [/webjars/**] onto handler of type [class org.springframework.web.servlet.resource.ResourceHttpRequestHandler]
2020-04-13 21:50:06  INFO SimpleUrlHandlerMapping.registerHandler(373) | Mapped URL path [/**] onto handler of type [class org.springframework.web.servlet.resource.ResourceHttpRequestHandler]
2020-04-13 21:50:06  INFO ExceptionHandlerExceptionResolver.initExceptionHandlerAdviceCache(288) | Detected @ExceptionHandler methods in repositoryRestExceptionHandler
2020-04-13 21:50:07  INFO RepositoryRestHandlerAdapter.initControllerAdviceCache(574) | Looking for @ControllerAdvice: org.springframework.web.context.support.GenericWebApplicationContext@491b9b8: startup date [Mon Apr 13 21:50:02 CST 2020]; root of context hierarchy
2020-04-13 21:50:07  INFO RepositoryRestHandlerMapping.register(547) | Mapped "{[/{repository}/{id}/{property}],methods=[GET],produces=[application/hal+json || application/json]}" onto public org.springframework.http.ResponseEntity<org.springframework.hateoas.ResourceSupport> org.springframework.data.rest.webmvc.RepositoryPropertyReferenceController.followPropertyReference(org.springframework.data.rest.webmvc.RootResourceInformation,java.io.Serializable,java.lang.String,org.springframework.data.rest.webmvc.PersistentEntityResourceAssembler) throws java.lang.Exception
2020-04-13 21:50:07  INFO RepositoryRestHandlerMapping.register(547) | Mapped "{[/{repository}/{id}/{property}/{propertyId}],methods=[GET],produces=[application/hal+json || application/json]}" onto public org.springframework.http.ResponseEntity<org.springframework.hateoas.ResourceSupport> org.springframework.data.rest.webmvc.RepositoryPropertyReferenceController.followPropertyReference(org.springframework.data.rest.webmvc.RootResourceInformation,java.io.Serializable,java.lang.String,java.lang.String,org.springframework.data.rest.webmvc.PersistentEntityResourceAssembler) throws java.lang.Exception
2020-04-13 21:50:07  INFO RepositoryRestHandlerMapping.register(547) | Mapped "{[/{repository}/{id}/{property}],methods=[DELETE],produces=[application/hal+json || application/json]}" onto public org.springframework.http.ResponseEntity<? extends org.springframework.hateoas.ResourceSupport> org.springframework.data.rest.webmvc.RepositoryPropertyReferenceController.deletePropertyReference(org.springframework.data.rest.webmvc.RootResourceInformation,java.io.Serializable,java.lang.String) throws java.lang.Exception
2020-04-13 21:50:07  INFO RepositoryRestHandlerMapping.register(547) | Mapped "{[/{repository}/{id}/{property}/{propertyId}],methods=[DELETE],produces=[application/hal+json || application/json]}" onto public org.springframework.http.ResponseEntity<org.springframework.hateoas.ResourceSupport> org.springframework.data.rest.webmvc.RepositoryPropertyReferenceController.deletePropertyReferenceId(org.springframework.data.rest.webmvc.RootResourceInformation,java.io.Serializable,java.lang.String,java.lang.String) throws java.lang.Exception
2020-04-13 21:50:07  INFO RepositoryRestHandlerMapping.register(547) | Mapped "{[/{repository}/{id}/{property}],methods=[PATCH || PUT || POST],consumes=[application/json || application/x-spring-data-compact+json || text/uri-list],produces=[application/hal+json || application/json]}" onto public org.springframework.http.ResponseEntity<? extends org.springframework.hateoas.ResourceSupport> org.springframework.data.rest.webmvc.RepositoryPropertyReferenceController.createPropertyReference(org.springframework.data.rest.webmvc.RootResourceInformation,org.springframework.http.HttpMethod,org.springframework.hateoas.Resources<java.lang.Object>,java.io.Serializable,java.lang.String) throws java.lang.Exception
2020-04-13 21:50:07  INFO RepositoryRestHandlerMapping.register(547) | Mapped "{[/{repository}/{id}/{property}],methods=[GET],produces=[application/x-spring-data-compact+json || text/uri-list]}" onto public org.springframework.http.ResponseEntity<org.springframework.hateoas.ResourceSupport> org.springframework.data.rest.webmvc.RepositoryPropertyReferenceController.followPropertyReferenceCompact(org.springframework.data.rest.webmvc.RootResourceInformation,java.io.Serializable,java.lang.String,org.springframework.data.rest.webmvc.PersistentEntityResourceAssembler) throws java.lang.Exception
2020-04-13 21:50:07  INFO RepositoryRestHandlerMapping.register(547) | Mapped "{[/ || ],methods=[GET],produces=[application/hal+json || application/json]}" onto public org.springframework.http.HttpEntity<org.springframework.data.rest.webmvc.RepositoryLinksResource> org.springframework.data.rest.webmvc.RepositoryController.listRepositories()
2020-04-13 21:50:07  INFO RepositoryRestHandlerMapping.register(547) | Mapped "{[/ || ],methods=[HEAD],produces=[application/hal+json || application/json]}" onto public org.springframework.http.ResponseEntity<?> org.springframework.data.rest.webmvc.RepositoryController.headForRepositories()
2020-04-13 21:50:07  INFO RepositoryRestHandlerMapping.register(547) | Mapped "{[/ || ],methods=[OPTIONS],produces=[application/hal+json || application/json]}" onto public org.springframework.http.HttpEntity<?> org.springframework.data.rest.webmvc.RepositoryController.optionsForRepositories()
2020-04-13 21:50:07  INFO RepositoryRestHandlerMapping.register(547) | Mapped "{[/{repository}/search],methods=[HEAD],produces=[application/hal+json || application/json]}" onto public org.springframework.http.HttpEntity<?> org.springframework.data.rest.webmvc.RepositorySearchController.headForSearches(org.springframework.data.rest.webmvc.RootResourceInformation)
2020-04-13 21:50:07  INFO RepositoryRestHandlerMapping.register(547) | Mapped "{[/{repository}/search/{search}],methods=[OPTIONS],produces=[application/hal+json || application/json]}" onto public org.springframework.http.ResponseEntity<java.lang.Object> org.springframework.data.rest.webmvc.RepositorySearchController.optionsForSearch(org.springframework.data.rest.webmvc.RootResourceInformation,java.lang.String)
2020-04-13 21:50:07  INFO RepositoryRestHandlerMapping.register(547) | Mapped "{[/{repository}/search/{search}],methods=[GET],produces=[application/hal+json || application/json]}" onto public org.springframework.http.ResponseEntity<?> org.springframework.data.rest.webmvc.RepositorySearchController.executeSearch(org.springframework.data.rest.webmvc.RootResourceInformation,org.springframework.util.MultiValueMap<java.lang.String, java.lang.Object>,java.lang.String,org.springframework.data.rest.webmvc.support.DefaultedPageable,org.springframework.data.domain.Sort,org.springframework.data.rest.webmvc.PersistentEntityResourceAssembler,org.springframework.http.HttpHeaders)
2020-04-13 21:50:07  INFO RepositoryRestHandlerMapping.register(547) | Mapped "{[/{repository}/search],methods=[GET],produces=[application/hal+json || application/json]}" onto public org.springframework.data.rest.webmvc.RepositorySearchesResource org.springframework.data.rest.webmvc.RepositorySearchController.listSearches(org.springframework.data.rest.webmvc.RootResourceInformation)
2020-04-13 21:50:07  INFO RepositoryRestHandlerMapping.register(547) | Mapped "{[/{repository}/search/{search}],methods=[HEAD],produces=[application/hal+json || application/json]}" onto public org.springframework.http.ResponseEntity<java.lang.Object> org.springframework.data.rest.webmvc.RepositorySearchController.headForSearch(org.springframework.data.rest.webmvc.RootResourceInformation,java.lang.String)
2020-04-13 21:50:07  INFO RepositoryRestHandlerMapping.register(547) | Mapped "{[/{repository}/search],methods=[OPTIONS],produces=[application/hal+json || application/json]}" onto public org.springframework.http.HttpEntity<?> org.springframework.data.rest.webmvc.RepositorySearchController.optionsForSearches(org.springframework.data.rest.webmvc.RootResourceInformation)
2020-04-13 21:50:07  INFO RepositoryRestHandlerMapping.register(547) | Mapped "{[/{repository}/search/{search}],methods=[GET],produces=[application/x-spring-data-compact+json]}" onto public org.springframework.hateoas.ResourceSupport org.springframework.data.rest.webmvc.RepositorySearchController.executeSearchCompact(org.springframework.data.rest.webmvc.RootResourceInformation,org.springframework.http.HttpHeaders,org.springframework.util.MultiValueMap<java.lang.String, java.lang.Object>,java.lang.String,java.lang.String,org.springframework.data.rest.webmvc.support.DefaultedPageable,org.springframework.data.domain.Sort,org.springframework.data.rest.webmvc.PersistentEntityResourceAssembler)
2020-04-13 21:50:07  INFO RepositoryRestHandlerMapping.register(547) | Mapped "{[/{repository}/{id}],methods=[GET],produces=[application/hal+json || application/json]}" onto public org.springframework.http.ResponseEntity<org.springframework.hateoas.Resource<?>> org.springframework.data.rest.webmvc.RepositoryEntityController.getItemResource(org.springframework.data.rest.webmvc.RootResourceInformation,java.io.Serializable,org.springframework.data.rest.webmvc.PersistentEntityResourceAssembler,org.springframework.http.HttpHeaders) throws org.springframework.web.HttpRequestMethodNotSupportedException
2020-04-13 21:50:07  INFO RepositoryRestHandlerMapping.register(547) | Mapped "{[/{repository}/{id}],methods=[PUT],produces=[application/hal+json || application/json]}" onto public org.springframework.http.ResponseEntity<? extends org.springframework.hateoas.ResourceSupport> org.springframework.data.rest.webmvc.RepositoryEntityController.putItemResource(org.springframework.data.rest.webmvc.RootResourceInformation,org.springframework.data.rest.webmvc.PersistentEntityResource,java.io.Serializable,org.springframework.data.rest.webmvc.PersistentEntityResourceAssembler,org.springframework.data.rest.webmvc.support.ETag,java.lang.String) throws org.springframework.web.HttpRequestMethodNotSupportedException
2020-04-13 21:50:07  INFO RepositoryRestHandlerMapping.register(547) | Mapped "{[/{repository}],methods=[OPTIONS],produces=[application/hal+json || application/json]}" onto public org.springframework.http.ResponseEntity<?> org.springframework.data.rest.webmvc.RepositoryEntityController.optionsForCollectionResource(org.springframework.data.rest.webmvc.RootResourceInformation)
2020-04-13 21:50:07  INFO RepositoryRestHandlerMapping.register(547) | Mapped "{[/{repository}],methods=[GET],produces=[application/x-spring-data-compact+json || text/uri-list]}" onto public org.springframework.hateoas.Resources<?> org.springframework.data.rest.webmvc.RepositoryEntityController.getCollectionResourceCompact(org.springframework.data.rest.webmvc.RootResourceInformation,org.springframework.data.rest.webmvc.support.DefaultedPageable,org.springframework.data.domain.Sort,org.springframework.data.rest.webmvc.PersistentEntityResourceAssembler) throws org.springframework.data.rest.webmvc.ResourceNotFoundException,org.springframework.web.HttpRequestMethodNotSupportedException
2020-04-13 21:50:07  INFO RepositoryRestHandlerMapping.register(547) | Mapped "{[/{repository}],methods=[GET],produces=[application/hal+json || application/json]}" onto public org.springframework.hateoas.Resources<?> org.springframework.data.rest.webmvc.RepositoryEntityController.getCollectionResource(org.springframework.data.rest.webmvc.RootResourceInformation,org.springframework.data.rest.webmvc.support.DefaultedPageable,org.springframework.data.domain.Sort,org.springframework.data.rest.webmvc.PersistentEntityResourceAssembler) throws org.springframework.data.rest.webmvc.ResourceNotFoundException,org.springframework.web.HttpRequestMethodNotSupportedException
2020-04-13 21:50:07  INFO RepositoryRestHandlerMapping.register(547) | Mapped "{[/{repository}/{id}],methods=[HEAD],produces=[application/hal+json || application/json]}" onto public org.springframework.http.ResponseEntity<?> org.springframework.data.rest.webmvc.RepositoryEntityController.headForItemResource(org.springframework.data.rest.webmvc.RootResourceInformation,java.io.Serializable,org.springframework.data.rest.webmvc.PersistentEntityResourceAssembler) throws org.springframework.web.HttpRequestMethodNotSupportedException
2020-04-13 21:50:07  INFO RepositoryRestHandlerMapping.register(547) | Mapped "{[/{repository}/{id}],methods=[OPTIONS],produces=[application/hal+json || application/json]}" onto public org.springframework.http.ResponseEntity<?> org.springframework.data.rest.webmvc.RepositoryEntityController.optionsForItemResource(org.springframework.data.rest.webmvc.RootResourceInformation)
2020-04-13 21:50:07  INFO RepositoryRestHandlerMapping.register(547) | Mapped "{[/{repository}/{id}],methods=[PATCH],produces=[application/hal+json || application/json]}" onto public org.springframework.http.ResponseEntity<org.springframework.hateoas.ResourceSupport> org.springframework.data.rest.webmvc.RepositoryEntityController.patchItemResource(org.springframework.data.rest.webmvc.RootResourceInformation,org.springframework.data.rest.webmvc.PersistentEntityResource,java.io.Serializable,org.springframework.data.rest.webmvc.PersistentEntityResourceAssembler,org.springframework.data.rest.webmvc.support.ETag,java.lang.String) throws org.springframework.web.HttpRequestMethodNotSupportedException,org.springframework.data.rest.webmvc.ResourceNotFoundException
2020-04-13 21:50:07  INFO RepositoryRestHandlerMapping.register(547) | Mapped "{[/{repository}],methods=[HEAD],produces=[application/hal+json || application/json]}" onto public org.springframework.http.ResponseEntity<?> org.springframework.data.rest.webmvc.RepositoryEntityController.headCollectionResource(org.springframework.data.rest.webmvc.RootResourceInformation,org.springframework.data.rest.webmvc.support.DefaultedPageable) throws org.springframework.web.HttpRequestMethodNotSupportedException
2020-04-13 21:50:07  INFO RepositoryRestHandlerMapping.register(547) | Mapped "{[/{repository}/{id}],methods=[DELETE],produces=[application/hal+json || application/json]}" onto public org.springframework.http.ResponseEntity<?> org.springframework.data.rest.webmvc.RepositoryEntityController.deleteItemResource(org.springframework.data.rest.webmvc.RootResourceInformation,java.io.Serializable,org.springframework.data.rest.webmvc.support.ETag) throws org.springframework.data.rest.webmvc.ResourceNotFoundException,org.springframework.web.HttpRequestMethodNotSupportedException
2020-04-13 21:50:07  INFO RepositoryRestHandlerMapping.register(547) | Mapped "{[/{repository}],methods=[POST],produces=[application/hal+json || application/json]}" onto public org.springframework.http.ResponseEntity<org.springframework.hateoas.ResourceSupport> org.springframework.data.rest.webmvc.RepositoryEntityController.postCollectionResource(org.springframework.data.rest.webmvc.RootResourceInformation,org.springframework.data.rest.webmvc.PersistentEntityResource,org.springframework.data.rest.webmvc.PersistentEntityResourceAssembler,java.lang.String) throws org.springframework.web.HttpRequestMethodNotSupportedException
2020-04-13 21:50:07  INFO BasePathAwareHandlerMapping.register(547) | Mapped "{[/profile/{repository}],methods=[GET],produces=[application/alps+json || */*]}" onto org.springframework.http.HttpEntity<org.springframework.data.rest.webmvc.RootResourceInformation> org.springframework.data.rest.webmvc.alps.AlpsController.descriptor(org.springframework.data.rest.webmvc.RootResourceInformation)
2020-04-13 21:50:07  INFO BasePathAwareHandlerMapping.register(547) | Mapped "{[/profile/{repository}],methods=[OPTIONS],produces=[application/alps+json]}" onto org.springframework.http.HttpEntity<?> org.springframework.data.rest.webmvc.alps.AlpsController.alpsOptions()
2020-04-13 21:50:07  INFO BasePathAwareHandlerMapping.register(547) | Mapped "{[/profile],methods=[OPTIONS]}" onto public org.springframework.http.HttpEntity<?> org.springframework.data.rest.webmvc.ProfileController.profileOptions()
2020-04-13 21:50:07  INFO BasePathAwareHandlerMapping.register(547) | Mapped "{[/profile],methods=[GET]}" onto org.springframework.http.HttpEntity<org.springframework.hateoas.ResourceSupport> org.springframework.data.rest.webmvc.ProfileController.listAllFormsOfMetadata()
2020-04-13 21:50:07  INFO BasePathAwareHandlerMapping.register(547) | Mapped "{[/profile/{repository}],methods=[GET],produces=[application/schema+json]}" onto public org.springframework.http.HttpEntity<org.springframework.data.rest.webmvc.json.JsonSchema> org.springframework.data.rest.webmvc.RepositorySchemaController.schema(org.springframework.data.rest.webmvc.RootResourceInformation)
2020-04-13 21:50:07  INFO DemoApplicationTests.logStarted(59) | Started DemoApplicationTests in 6.054 seconds (JVM running for 7.118)
2020-04-13 21:50:08  INFO GenericWebApplicationContext.doClose(993) | Closing org.springframework.web.context.support.GenericWebApplicationContext@491b9b8: startup date [Mon Apr 13 21:50:02 CST 2020]; root of context hierarchy
2020-04-13 21:50:08  INFO ThreadPoolTaskScheduler.shutdown(208) | Shutting down ExecutorService 'threadPoolTaskScheduler'
